Component: ARM Compiler 5.06 update 6 (build 750) Tool: armlink [4d35ed]

==============================================================================

Section Cross References

    app_mcu_utils.o(i.UTL_BitClear) refers to app_mcu_utils.o(.data) for abtBitField
    app_mcu_utils.o(i.UTL_BitIsOn) refers to app_mcu_utils.o(.data) for abtBitField
    app_mcu_utils.o(i.UTL_BitSet) refers to app_mcu_utils.o(.data) for abtBitField
    main.o(i.main) refers to sys_scheduler.o(i.app_scheduler_init) for app_scheduler_init
    main.o(i.main) refers to sys_scheduler.o(i.app_scheduler_run) for app_scheduler_run
    stm32f0xx_it.o(i.SysTick_Handler) refers to stm32f0xx_hal.o(i.HAL_IncTick) for HAL_IncTick
    stm32f0xx_it.o(i.TIM3_IRQHandler) refers to stm32f0xx_hal_tim.o(i.HAL_TIM_IRQHandler) for HAL_TIM_IRQHandler
    stm32f0xx_it.o(i.TIM3_IRQHandler) refers to system_init.o(.bss) for TimHandle
    stm32f0xx_it.o(i.TIM3_IRQHandler) refers to sys_scheduler.o(.data) for SbtTickCounterTarg
    sys_scheduler.o(i.app_scheduler_init) refers to sys_scheduler.o(.constdata) for SYS_InitPrivMode_
    sys_scheduler.o(i.app_scheduler_run) refers to sys_scheduler.o(.data) for SbtTickCounterTarg
    sys_scheduler.o(i.app_scheduler_run) refers to sys_scheduler.o(.constdata) for CapfTasksTable
    sys_scheduler.o(.constdata) refers to system_init.o(i.SystemClock_Config) for SystemClock_Config
    sys_scheduler.o(.constdata) refers to system_init.o(i.General_GPIO_Init) for General_GPIO_Init
    sys_scheduler.o(.constdata) refers to system_init.o(i.TIM2_Init) for TIM2_Init
    sys_scheduler.o(.constdata) refers to system_init.o(i.Task_Toggle_PIN_2) for Task_Toggle_PIN_2
    sys_scheduler.o(.constdata) refers to system_init.o(i.Task_Toggle_PIN_3) for Task_Toggle_PIN_3
    sys_scheduler.o(.constdata) refers to system_init.o(i.Task_Toggle_PIN_4) for Task_Toggle_PIN_4
    sys_scheduler.o(.constdata) refers to system_init.o(i.Task_Toggle_PIN_5) for Task_Toggle_PIN_5
    sys_scheduler.o(.constdata) refers to system_init.o(i.Task_Toggle_PIN_6) for Task_Toggle_PIN_6
    sys_scheduler.o(.constdata) refers to system_init.o(i.Task_Toggle_PIN_7) for Task_Toggle_PIN_7
    sys_scheduler.o(.constdata) refers to system_init.o(i.Task_Toggle_PIN_8) for Task_Toggle_PIN_8
    sys_scheduler.o(.constdata) refers to system_init.o(i.Task_Toggle_PIN_9) for Task_Toggle_PIN_9
    system_init.o(i.General_GPIO_Init) refers to stm32f0xx_hal_gpio.o(i.HAL_GPIO_Init) for HAL_GPIO_Init
    system_init.o(i.SystemClock_Config) refers to stm32f0xx_hal_rcc.o(i.HAL_RCC_OscConfig) for HAL_RCC_OscConfig
    system_init.o(i.SystemClock_Config) refers to stm32f0xx_hal_rcc.o(i.HAL_RCC_ClockConfig) for HAL_RCC_ClockConfig
    system_init.o(i.TIM2_Init) refers to uidiv.o(.text) for __aeabi_uidivmod
    system_init.o(i.TIM2_Init) refers to stm32f0xx_hal_tim.o(i.HAL_TIM_Base_Init) for HAL_TIM_Base_Init
    system_init.o(i.TIM2_Init) refers to stm32f0xx_hal_tim.o(i.HAL_TIM_Base_Start_IT) for HAL_TIM_Base_Start_IT
    system_init.o(i.TIM2_Init) refers to system_stm32f0xx.o(.data) for SystemCoreClock
    system_init.o(i.TIM2_Init) refers to system_init.o(.data) for uwPrescalerValue
    system_init.o(i.TIM2_Init) refers to system_init.o(.bss) for TimHandle
    system_init.o(i.Task_Toggle_PIN_2) refers to stm32f0xx_hal_gpio.o(i.HAL_GPIO_WritePin) for HAL_GPIO_WritePin
    system_init.o(i.Task_Toggle_PIN_3) refers to stm32f0xx_hal_gpio.o(i.HAL_GPIO_WritePin) for HAL_GPIO_WritePin
    system_init.o(i.Task_Toggle_PIN_4) refers to stm32f0xx_hal_gpio.o(i.HAL_GPIO_WritePin) for HAL_GPIO_WritePin
    system_init.o(i.Task_Toggle_PIN_5) refers to stm32f0xx_hal_gpio.o(i.HAL_GPIO_WritePin) for HAL_GPIO_WritePin
    system_init.o(i.Task_Toggle_PIN_6) refers to stm32f0xx_hal_gpio.o(i.HAL_GPIO_WritePin) for HAL_GPIO_WritePin
    system_init.o(i.Task_Toggle_PIN_7) refers to stm32f0xx_hal_gpio.o(i.HAL_GPIO_WritePin) for HAL_GPIO_WritePin
    system_init.o(i.Task_Toggle_PIN_8) refers to stm32f0xx_hal_gpio.o(i.HAL_GPIO_WritePin) for HAL_GPIO_WritePin
    system_init.o(i.Task_Toggle_PIN_9) refers to stm32f0xx_hal_gpio.o(i.HAL_GPIO_WritePin) for HAL_GPIO_WritePin
    system_stm32f0xx.o(i.SystemCoreClockUpdate) refers to uidiv.o(.text) for __aeabi_uidivmod
    system_stm32f0xx.o(i.SystemCoreClockUpdate) refers to system_stm32f0xx.o(.data) for SystemCoreClock
    startup_stm32f072xb.o(RESET) refers to startup_stm32f072xb.o(STACK) for __initial_sp
    startup_stm32f072xb.o(RESET) refers to startup_stm32f072xb.o(.text) for Reset_Handler
    startup_stm32f072xb.o(RESET) refers to stm32f0xx_it.o(i.NMI_Handler) for NMI_Handler
    startup_stm32f072xb.o(RESET) refers to stm32f0xx_it.o(i.HardFault_Handler) for HardFault_Handler
    startup_stm32f072xb.o(RESET) refers to stm32f0xx_it.o(i.SVC_Handler) for SVC_Handler
    startup_stm32f072xb.o(RESET) refers to stm32f0xx_it.o(i.PendSV_Handler) for PendSV_Handler
[...]
    Removing stm32f0xx_hal_dac_ex.o(.rev16_text), (4 bytes).
    Removing stm32f0xx_hal_dac_ex.o(.revsh_text), (4 bytes).
    Removing stm32f0xx_hal_dma.o(.rev16_text), (4 bytes).
    Removing stm32f0xx_hal_dma.o(.revsh_text), (4 bytes).
    Removing stm32f0xx_hal_dma.o(i.DMA_SetConfig), (32 bytes).
    Removing stm32f0xx_hal_dma.o(i.HAL_DMA_Abort), (100 bytes).
    Removing stm32f0xx_hal_dma.o(i.HAL_DMA_DeInit), (372 bytes).
    Removing stm32f0xx_hal_dma.o(i.HAL_DMA_GetError), (6 bytes).
    Removing stm32f0xx_hal_dma.o(i.HAL_DMA_GetState), (8 bytes).
    Removing stm32f0xx_hal_dma.o(i.HAL_DMA_IRQHandler), (804 bytes).
    Removing stm32f0xx_hal_dma.o(i.HAL_DMA_Init), (92 bytes).
    Removing stm32f0xx_hal_dma.o(i.HAL_DMA_PollForTransfer), (740 bytes).
    Removing stm32f0xx_hal_dma.o(i.HAL_DMA_Start), (78 bytes).
    Removing stm32f0xx_hal_dma.o(i.HAL_DMA_Start_IT), (114 bytes).
    Removing stm32f0xx_hal_flash.o(.rev16_text), (4 bytes).
    Removing stm32f0xx_hal_flash.o(.revsh_text), (4 bytes).
    Removing stm32f0xx_hal_flash.o(i.FLASH_Program_HalfWord), (32 bytes).
    Removing stm32f0xx_hal_flash.o(i.FLASH_SetErrorCode), (64 bytes).
    Removing stm32f0xx_hal_flash.o(i.FLASH_WaitForLastOperation), (104 bytes).
    Removing stm32f0xx_hal_flash.o(i.HAL_FLASH_EndOfOperationCallback), (2 bytes).
    Removing stm32f0xx_hal_flash.o(i.HAL_FLASH_GetError), (12 bytes).
    Removing stm32f0xx_hal_flash.o(i.HAL_FLASH_IRQHandler), (384 bytes).
    Removing stm32f0xx_hal_flash.o(i.HAL_FLASH_Lock), (20 bytes).
    Removing stm32f0xx_hal_flash.o(i.HAL_FLASH_OB_Launch), (32 bytes).
    Removing stm32f0xx_hal_flash.o(i.HAL_FLASH_OB_Lock), (24 bytes).
    Removing stm32f0xx_hal_flash.o(i.HAL_FLASH_OB_Unlock), (48 bytes).
    Removing stm32f0xx_hal_flash.o(i.HAL_FLASH_OperationErrorCallback), (2 bytes).
    Removing stm32f0xx_hal_flash.o(i.HAL_FLASH_Program), (188 bytes).
    Removing stm32f0xx_hal_flash.o(i.HAL_FLASH_Program_IT), (120 bytes).
    Removing stm32f0xx_hal_flash.o(i.HAL_FLASH_Unlock), (44 bytes).
    Removing stm32f0xx_hal_flash.o(.bss), (32 bytes).
    Removing stm32f0xx_hal_flash_ex.o(.rev16_text), (4 bytes).
    Removing stm32f0xx_hal_flash_ex.o(.revsh_text), (4 bytes).
    Removing stm32f0xx_hal_flash_ex.o(i.FLASH_MassErase), (40 bytes).
    Removing stm32f0xx_hal_flash_ex.o(i.FLASH_OB_DisableWRP), (228 bytes).
    Removing stm32f0xx_hal_flash_ex.o(i.FLASH_OB_EnableWRP), (232 bytes).
    Removing stm32f0xx_hal_flash_ex.o(i.FLASH_OB_GetRDP), (44 bytes).
    Removing stm32f0xx_hal_flash_ex.o(i.FLASH_OB_GetUser), (20 bytes).
    Removing stm32f0xx_hal_flash_ex.o(i.FLASH_OB_GetWRP), (12 bytes).
    Removing stm32f0xx_hal_flash_ex.o(i.FLASH_OB_ProgramData), (76 bytes).
    Removing stm32f0xx_hal_flash_ex.o(i.FLASH_OB_RDP_LevelConfig), (128 bytes).
    Removing stm32f0xx_hal_flash_ex.o(i.FLASH_OB_UserConfig), (84 bytes).
    Removing stm32f0xx_hal_flash_ex.o(i.FLASH_PageErase), (44 bytes).
    Removing stm32f0xx_hal_flash_ex.o(i.HAL_FLASHEx_Erase), (172 bytes).
    Removing stm32f0xx_hal_flash_ex.o(i.HAL_FLASHEx_Erase_IT), (104 bytes).
    Removing stm32f0xx_hal_flash_ex.o(i.HAL_FLASHEx_OBErase), (100 bytes).
    Removing stm32f0xx_hal_flash_ex.o(i.HAL_FLASHEx_OBGetConfig), (28 bytes).
    Removing stm32f0xx_hal_flash_ex.o(i.HAL_FLASHEx_OBProgram), (98 bytes).
    Removing stm32f0xx_hal_gpio.o(.rev16_text), (4 bytes).
    Removing stm32f0xx_hal_gpio.o(.revsh_text), (4 bytes).
    Removing stm32f0xx_hal_gpio.o(i.HAL_GPIO_DeInit), (280 bytes).
    Removing stm32f0xx_hal_gpio.o(i.HAL_GPIO_EXTI_Callback), (2 bytes).
    Removing stm32f0xx_hal_gpio.o(i.HAL_GPIO_EXTI_IRQHandler), (20 bytes).
    Removing stm32f0xx_hal_gpio.o(i.HAL_GPIO_LockPin), (50 bytes).
    Removing stm32f0xx_hal_gpio.o(i.HAL_GPIO_ReadPin), (18 bytes).
    Removing stm32f0xx_hal_gpio.o(i.HAL_GPIO_TogglePin), (8 bytes).
    Removing stm32f0xx_hal_i2c.o(.rev16_text), (4 bytes).
    Removing stm32f0xx_hal_i2c.o(.revsh_text), (4 bytes).
    Removing stm32f0xx_hal_i2c.o(i.HAL_I2C_DeInit), (58 bytes).
    Removing stm32f0xx_hal_i2c.o(i.HAL_I2C_ER_IRQHandler), (160 bytes).
    Removing stm32f0xx_hal_i2c.o(i.HAL_I2C_EV_IRQHandler), (474 bytes).
    Removing stm32f0xx_hal_i2c.o(i.HAL_I2C_ErrorCallback), (2 bytes).
    Removing stm32f0xx_hal_i2c.o(i.HAL_I2C_GetError), (6 bytes).
    Removing stm32f0xx_hal_i2c.o(i.HAL_I2C_GetState), (8 bytes).
    Removing stm32f0xx_hal_i2c.o(i.HAL_I2C_Init), (196 bytes).
    Removing stm32f0xx_hal_i2c.o(i.HAL_I2C_IsDeviceReady), (388 bytes).
    Removing stm32f0xx_hal_i2c.o(i.HAL_I2C_MasterRxCpltCallback), (2 bytes).
    Removing stm32f0xx_hal_i2c.o(i.HAL_I2C_MasterTxCpltCallback), (2 bytes).
    Removing stm32f0xx_hal_i2c.o(i.HAL_I2C_Master_Receive), (324 bytes).
    Removing stm32f0xx_hal_i2c.o(i.HAL_I2C_Master_Receive_DMA), (248 bytes).
    Removing stm32f0xx_hal_i2c.o(i.HAL_I2C_Master_Receive_IT), (188 bytes).
    Removing stm32f0xx_hal_i2c.o(i.HAL_I2C_Master_Transmit), (344 bytes).
    Removing stm32f0xx_hal_i2c.o(i.HAL_I2C_Master_Transmit_DMA), (268 bytes).
    Removing stm32f0xx_hal_i2c.o(i.HAL_I2C_Master_Transmit_IT), (188 bytes).
    Removing stm32f0xx_hal_i2c.o(i.HAL_I2C_MemRxCpltCallback), (2 bytes).
    Removing stm32f0xx_hal_i2c.o(i.HAL_I2C_MemTxCpltCallback), (2 bytes).
    Removing stm32f0xx_hal_i2c.o(i.HAL_I2C_Mem_Read), (388 bytes).
    Removing stm32f0xx_hal_i2c.o(i.HAL_I2C_Mem_Read_DMA), (304 bytes).
    Removing stm32f0xx_hal_i2c.o(i.HAL_I2C_Mem_Read_IT), (242 bytes).
    Removing stm32f0xx_hal_i2c.o(i.HAL_I2C_Mem_Write), (392 bytes).
    Removing stm32f0xx_hal_i2c.o(i.HAL_I2C_Mem_Write_DMA), (308 bytes).
    Removing stm32f0xx_hal_i2c.o(i.HAL_I2C_Mem_Write_IT), (242 bytes).
    Removing stm32f0xx_hal_i2c.o(i.HAL_I2C_MspDeInit), (2 bytes).
    Removing stm32f0xx_hal_i2c.o(i.HAL_I2C_MspInit), (2 bytes).
    Removing stm32f0xx_hal_i2c.o(i.HAL_I2C_SlaveRxCpltCallback), (2 bytes).
    Removing stm32f0xx_hal_i2c.o(i.HAL_I2C_SlaveTxCpltCallback), (2 bytes).
    Removing stm32f0xx_hal_i2c.o(i.HAL_I2C_Slave_Receive), (328 bytes).
    Removing stm32f0xx_hal_i2c.o(i.HAL_I2C_Slave_Receive_DMA), (228 bytes).
    Removing stm32f0xx_hal_i2c.o(i.HAL_I2C_Slave_Receive_IT), (106 bytes).
    Removing stm32f0xx_hal_i2c.o(i.HAL_I2C_Slave_Transmit), (380 bytes).
    Removing stm32f0xx_hal_i2c.o(i.HAL_I2C_Slave_Transmit_DMA), (276 bytes).
    Removing stm32f0xx_hal_i2c.o(i.HAL_I2C_Slave_Transmit_IT), (106 bytes).
    Removing stm32f0xx_hal_i2c.o(i.I2C_DMAError), (46 bytes).
    Removing stm32f0xx_hal_i2c.o(i.I2C_DMAMasterReceiveCplt), (476 bytes).
    Removing stm32f0xx_hal_i2c.o(i.I2C_DMAMasterTransmitCplt), (456 bytes).
    Removing stm32f0xx_hal_i2c.o(i.I2C_DMAMemReceiveCplt), (476 bytes).
    Removing stm32f0xx_hal_i2c.o(i.I2C_DMAMemTransmitCplt), (456 bytes).
    Removing stm32f0xx_hal_i2c.o(i.I2C_DMASlaveReceiveCplt), (132 bytes).
    Removing stm32f0xx_hal_i2c.o(i.I2C_DMASlaveTransmitCplt), (114 bytes).
    Removing stm32f0xx_hal_i2c.o(i.I2C_IsAcknowledgeFailed), (192 bytes).
    Removing stm32f0xx_hal_i2c.o(i.I2C_MasterReceive_ISR), (388 bytes).
    Removing stm32f0xx_hal_i2c.o(i.I2C_MasterTransmit_ISR), (388 bytes).
    Removing stm32f0xx_hal_i2c.o(i.I2C_RequestMemoryRead), (138 bytes).
    Removing stm32f0xx_hal_i2c.o(i.I2C_RequestMemoryWrite), (138 bytes).
    Removing stm32f0xx_hal_i2c.o(i.I2C_SlaveReceive_ISR), (218 bytes).
    Removing stm32f0xx_hal_i2c.o(i.I2C_SlaveTransmit_ISR), (238 bytes).
    Removing stm32f0xx_hal_i2c.o(i.I2C_TransferConfig), (48 bytes).
    Removing stm32f0xx_hal_i2c.o(i.I2C_WaitOnFlagUntilTimeout), (170 bytes).
    Removing stm32f0xx_hal_i2c.o(i.I2C_WaitOnRXNEFlagUntilTimeout), (136 bytes).
    Removing stm32f0xx_hal_i2c.o(i.I2C_WaitOnSTOPFlagUntilTimeout), (92 bytes).
    Removing stm32f0xx_hal_i2c.o(i.I2C_WaitOnTXISFlagUntilTimeout), (96 bytes).
    Removing stm32f0xx_hal_i2c_ex.o(.rev16_text), (4 bytes).
    Removing stm32f0xx_hal_i2c_ex.o(.revsh_text), (4 bytes).
    Removing stm32f0xx_hal_i2c_ex.o(i.HAL_I2CEx_ConfigAnalogFilter), (142 bytes).
    Removing stm32f0xx_hal_i2c_ex.o(i.HAL_I2CEx_ConfigDigitalFilter), (146 bytes).
    Removing stm32f0xx_hal_i2c_ex.o(i.HAL_I2CEx_DisableFastModePlus), (52 bytes).
    Removing stm32f0xx_hal_i2c_ex.o(i.HAL_I2CEx_DisableWakeUp), (132 bytes).
    Removing stm32f0xx_hal_i2c_ex.o(i.HAL_I2CEx_EnableFastModePlus), (52 bytes).
    Removing stm32f0xx_hal_i2c_ex.o(i.HAL_I2CEx_EnableWakeUp), (132 bytes).
    Removing stm32f0xx_hal_i2s.o(.rev16_text), (4 bytes).
    Removing stm32f0xx_hal_i2s.o(.revsh_text), (4 bytes).
    Removing stm32f0xx_hal_irda.o(.rev16_text), (4 bytes).
    Removing stm32f0xx_hal_irda.o(.revsh_text), (4 bytes).
    Removing stm32f0xx_hal_iwdg.o(.rev16_text), (4 bytes).
    Removing stm32f0xx_hal_iwdg.o(.revsh_text), (4 bytes).
    Removing stm32f0xx_hal_iwdg.o(i.HAL_IWDG_GetState), (6 bytes).
    Removing stm32f0xx_hal_iwdg.o(i.HAL_IWDG_Init), (204 bytes).
    Removing stm32f0xx_hal_iwdg.o(i.HAL_IWDG_MspInit), (2 bytes).
    Removing stm32f0xx_hal_iwdg.o(i.HAL_IWDG_Refresh), (108 bytes).
    Removing stm32f0xx_hal_iwdg.o(i.HAL_IWDG_Start), (160 bytes).
    Removing stm32f0xx_hal_msp_template.o(.rev16_text), (4 bytes).
    Removing stm32f0xx_hal_msp_template.o(.revsh_text), (4 bytes).
    Removing stm32f0xx_hal_msp_template.o(i.HAL_MspDeInit), (2 bytes).
    Removing stm32f0xx_hal_msp_template.o(i.HAL_MspInit), (2 bytes).
    Removing stm32f0xx_hal_msp_template.o(i.HAL_PPP_MspDeInit), (2 bytes).
    Removing stm32f0xx_hal_msp_template.o(i.HAL_PPP_MspInit), (2 bytes).
    Removing stm32f0xx_hal_pcd.o(.rev16_text), (4 bytes).
    Removing stm32f0xx_hal_pcd.o(.revsh_text), (4 bytes).
    Removing stm32f0xx_hal_pcd.o(i.HAL_PCD_ActivateRemoteWakeup), (22 bytes).
    Removing stm32f0xx_hal_pcd.o(i.HAL_PCD_ConnectCallback), (2 bytes).
    Removing stm32f0xx_hal_pcd.o(i.HAL_PCD_DataInStageCallback), (2 bytes).
    Removing stm32f0xx_hal_pcd.o(i.HAL_PCD_DataOutStageCallback), (2 bytes).
    Removing stm32f0xx_hal_pcd.o(i.HAL_PCD_DeActivateRemoteWakeup), (22 bytes).
    Removing stm32f0xx_hal_pcd.o(i.HAL_PCD_DeInit), (44 bytes).
    Removing stm32f0xx_hal_pcd.o(i.HAL_PCD_DevConnect), (60 bytes).
    Removing stm32f0xx_hal_pcd.o(i.HAL_PCD_DevDisconnect), (60 bytes).
    Removing stm32f0xx_hal_pcd.o(i.HAL_PCD_DisconnectCallback), (2 bytes).
    Removing stm32f0xx_hal_pcd.o(i.HAL_PCD_EP_Close), (640 bytes).
    Removing stm32f0xx_hal_pcd.o(i.HAL_PCD_EP_ClrStall), (288 bytes).
    Removing stm32f0xx_hal_pcd.o(i.HAL_PCD_EP_Flush), (6 bytes).
    Removing stm32f0xx_hal_pcd.o(i.HAL_PCD_EP_GetRxCount), (24 bytes).
    Removing stm32f0xx_hal_pcd.o(i.HAL_PCD_EP_Open), (1068 bytes).
    Removing stm32f0xx_hal_pcd.o(i.HAL_PCD_EP_Receive), (356 bytes).
    Removing stm32f0xx_hal_pcd.o(i.HAL_PCD_EP_SetStall), (240 bytes).
    Removing stm32f0xx_hal_pcd.o(i.HAL_PCD_EP_Transmit), (548 bytes).
    Removing stm32f0xx_hal_pcd.o(i.HAL_PCD_GetState), (10 bytes).
    Removing stm32f0xx_hal_pcd.o(i.HAL_PCD_IRQHandler), (352 bytes).
    Removing stm32f0xx_hal_pcd.o(i.HAL_PCD_ISOINIncompleteCallback), (2 bytes).
    Removing stm32f0xx_hal_pcd.o(i.HAL_PCD_ISOOUTIncompleteCallback), (2 bytes).
    Removing stm32f0xx_hal_pcd.o(i.HAL_PCD_Init), (234 bytes).
    Removing stm32f0xx_hal_pcd.o(i.HAL_PCD_MspDeInit), (2 bytes).
    Removing stm32f0xx_hal_pcd.o(i.HAL_PCD_MspInit), (2 bytes).
    Removing stm32f0xx_hal_pcd.o(i.HAL_PCD_ResetCallback), (2 bytes).
    Removing stm32f0xx_hal_pcd.o(i.HAL_PCD_ResumeCallback), (2 bytes).
    Removing stm32f0xx_hal_pcd.o(i.HAL_PCD_SOFCallback), (2 bytes).
    Removing stm32f0xx_hal_pcd.o(i.HAL_PCD_SetAddress), (62 bytes).
    Removing stm32f0xx_hal_pcd.o(i.HAL_PCD_SetupStageCallback), (2 bytes).
    Removing stm32f0xx_hal_pcd.o(i.HAL_PCD_Start), (24 bytes).
    Removing stm32f0xx_hal_pcd.o(i.HAL_PCD_Stop), (66 bytes).
    Removing stm32f0xx_hal_pcd.o(i.HAL_PCD_SuspendCallback), (2 bytes).
    Removing stm32f0xx_hal_pcd.o(i.PCD_EP_ISR_Handler), (1094 bytes).
    Removing stm32f0xx_hal_pcd.o(i.PCD_ReadPMA), (38 bytes).
    Removing stm32f0xx_hal_pcd.o(i.PCD_WritePMA), (52 bytes).
    Removing stm32f0xx_hal_pcd_ex.o(.rev16_text), (4 bytes).
    Removing stm32f0xx_hal_pcd_ex.o(.revsh_text), (4 bytes).
    Removing stm32f0xx_hal_pcd_ex.o(i.HAL_PCDEx_PMAConfig), (68 bytes).
    Removing stm32f0xx_hal_pwr.o(.rev16_text), (4 bytes).
    Removing stm32f0xx_hal_pwr.o(.revsh_text), (4 bytes).
    Removing stm32f0xx_hal_pwr.o(i.HAL_PWR_DeInit), (32 bytes).
    Removing stm32f0xx_hal_pwr.o(i.HAL_PWR_DisableBkUpAccess), (20 bytes).
    Removing stm32f0xx_hal_pwr.o(i.HAL_PWR_DisableSEVOnPend), (20 bytes).
    Removing stm32f0xx_hal_pwr.o(i.HAL_PWR_DisableSleepOnExit), (20 bytes).
    Removing stm32f0xx_hal_pwr.o(i.HAL_PWR_DisableWakeUpPin), (24 bytes).
    Removing stm32f0xx_hal_pwr.o(i.HAL_PWR_EnableBkUpAccess), (20 bytes).
    Removing stm32f0xx_hal_pwr.o(i.HAL_PWR_EnableSEVOnPend), (20 bytes).
    Removing stm32f0xx_hal_pwr.o(i.HAL_PWR_EnableSleepOnExit), (20 bytes).
    Removing stm32f0xx_hal_pwr.o(i.HAL_PWR_EnableWakeUpPin), (24 bytes).
    Removing stm32f0xx_hal_pwr.o(i.HAL_PWR_EnterSLEEPMode), (32 bytes).
    Removing stm32f0xx_hal_pwr.o(i.HAL_PWR_EnterSTANDBYMode), (40 bytes).
    Removing stm32f0xx_hal_pwr.o(i.HAL_PWR_EnterSTOPMode), (72 bytes).
    Removing stm32f0xx_hal_pwr_ex.o(.rev16_text), (4 bytes).
    Removing stm32f0xx_hal_pwr_ex.o(.revsh_text), (4 bytes).
    Removing stm32f0xx_hal_pwr_ex.o(i.HAL_PWREx_DisableVddio2Monitor), (40 bytes).
    Removing stm32f0xx_hal_pwr_ex.o(i.HAL_PWREx_EnableVddio2Monitor), (32 bytes).
    Removing stm32f0xx_hal_pwr_ex.o(i.HAL_PWREx_Vddio2MonitorCallback), (2 bytes).
    Removing stm32f0xx_hal_pwr_ex.o(i.HAL_PWREx_Vddio2Monitor_IRQHandler), (32 bytes).
    Removing stm32f0xx_hal_pwr_ex.o(i.HAL_PWR_ConfigPVD), (176 bytes).
    Removing stm32f0xx_hal_pwr_ex.o(i.HAL_PWR_DisablePVD), (20 bytes).
    Removing stm32f0xx_hal_pwr_ex.o(i.HAL_PWR_EnablePVD), (20 bytes).
    Removing stm32f0xx_hal_pwr_ex.o(i.HAL_PWR_PVDCallback), (2 bytes).
    Removing stm32f0xx_hal_pwr_ex.o(i.HAL_PWR_PVD_IRQHandler), (36 bytes).
    Removing stm32f0xx_hal_rcc.o(.rev16_text), (4 bytes).
    Removing stm32f0xx_hal_rcc.o(.revsh_text), (4 bytes).
    Removing stm32f0xx_hal_rcc.o(i.HAL_RCC_CSSCallback), (2 bytes).
    Removing stm32f0xx_hal_rcc.o(i.HAL_RCC_DeInit), (76 bytes).
    Removing stm32f0xx_hal_rcc.o(i.HAL_RCC_DisableCSS), (20 bytes).
    Removing stm32f0xx_hal_rcc.o(i.HAL_RCC_EnableCSS), (20 bytes).
    Removing stm32f0xx_hal_rcc.o(i.HAL_RCC_GetClockConfig), (56 bytes).
    Removing stm32f0xx_hal_rcc.o(i.HAL_RCC_GetHCLKFreq), (44 bytes).
    Removing stm32f0xx_hal_rcc.o(i.HAL_RCC_GetOscConfig), (264 bytes).
    Removing stm32f0xx_hal_rcc.o(i.HAL_RCC_GetPCLK1Freq), (36 bytes).
    Removing stm32f0xx_hal_rcc.o(i.HAL_RCC_GetSysClockFreq), (244 bytes).
    Removing stm32f0xx_hal_rcc.o(i.HAL_RCC_MCOConfig), (100 bytes).
    Removing stm32f0xx_hal_rcc.o(i.HAL_RCC_NMI_IRQHandler), (32 bytes).
    Removing stm32f0xx_hal_rcc.o(.constdata), (16 bytes).
    Removing stm32f0xx_hal_rcc_ex.o(.rev16_text), (4 bytes).
    Removing stm32f0xx_hal_rcc_ex.o(.revsh_text), (4 bytes).
    Removing stm32f0xx_hal_rcc_ex.o(i.HAL_RCCEx_CRSConfig), (176 bytes).
    Removing stm32f0xx_hal_rcc_ex.o(i.HAL_RCCEx_CRSGetSynchronizationInfo), (48 bytes).
    Removing stm32f0xx_hal_rcc_ex.o(i.HAL_RCCEx_CRSSoftwareSynchronizationGenerate), (20 bytes).
    Removing stm32f0xx_hal_rcc_ex.o(i.HAL_RCCEx_CRSWaitSynchronization), (216 bytes).
    Removing stm32f0xx_hal_rcc_ex.o(i.HAL_RCCEx_GetPeriphCLKConfig), (104 bytes).
    Removing stm32f0xx_hal_rcc_ex.o(i.HAL_RCCEx_GetPeriphCLKFreq), (636 bytes).
    Removing stm32f0xx_hal_rcc_ex.o(i.HAL_RCCEx_PeriphCLKConfig), (380 bytes).
    Removing stm32f0xx_hal_rtc.o(.rev16_text), (4 bytes).
    Removing stm32f0xx_hal_rtc.o(.revsh_text), (4 bytes).
    Removing stm32f0xx_hal_rtc_ex.o(.rev16_text), (4 bytes).
    Removing stm32f0xx_hal_rtc_ex.o(.revsh_text), (4 bytes).
    Removing stm32f0xx_hal_smartcard.o(.rev16_text), (4 bytes).
    Removing stm32f0xx_hal_smartcard.o(.revsh_text), (4 bytes).
    Removing stm32f0xx_hal_smartcard_ex.o(.rev16_text), (4 bytes).
    Removing stm32f0xx_hal_smartcard_ex.o(.revsh_text), (4 bytes).
    Removing stm32f0xx_hal_smbus.o(.rev16_text), (4 bytes).
    Removing stm32f0xx_hal_smbus.o(.revsh_text), (4 bytes).
    Removing stm32f0xx_hal_spi.o(.rev16_text), (4 bytes).
    Removing stm32f0xx_hal_spi.o(.revsh_text), (4 bytes).
    Removing stm32f0xx_hal_spi.o(i.HAL_SPI_DMAPause), (50 bytes).
    Removing stm32f0xx_hal_spi.o(i.HAL_SPI_DMAResume), (50 bytes).
    Removing stm32f0xx_hal_spi.o(i.HAL_SPI_DMAStop), (50 bytes).
    Removing stm32f0xx_hal_spi.o(i.HAL_SPI_DeInit), (58 bytes).
    Removing stm32f0xx_hal_spi.o(i.HAL_SPI_ErrorCallback), (2 bytes).
    Removing stm32f0xx_hal_spi.o(i.HAL_SPI_GetError), (6 bytes).
    Removing stm32f0xx_hal_spi.o(i.HAL_SPI_GetState), (8 bytes).
    Removing stm32f0xx_hal_spi.o(i.HAL_SPI_IRQHandler), (222 bytes).
    Removing stm32f0xx_hal_spi.o(i.HAL_SPI_Init), (240 bytes).
    Removing stm32f0xx_hal_spi.o(i.HAL_SPI_MspDeInit), (2 bytes).
    Removing stm32f0xx_hal_spi.o(i.HAL_SPI_MspInit), (2 bytes).
    Removing stm32f0xx_hal_spi.o(i.HAL_SPI_Receive), (704 bytes).
    Removing stm32f0xx_hal_spi.o(i.HAL_SPI_Receive_DMA), (376 bytes).
    Removing stm32f0xx_hal_spi.o(i.HAL_SPI_Receive_IT), (340 bytes).
    Removing stm32f0xx_hal_spi.o(i.HAL_SPI_RxCpltCallback), (2 bytes).
    Removing stm32f0xx_hal_spi.o(i.HAL_SPI_RxHalfCpltCallback), (2 bytes).
    Removing stm32f0xx_hal_spi.o(i.HAL_SPI_Transmit), (460 bytes).
    Removing stm32f0xx_hal_spi.o(i.HAL_SPI_TransmitReceive), (828 bytes).
    Removing stm32f0xx_hal_spi.o(i.HAL_SPI_TransmitReceive_DMA), (552 bytes).
    Removing stm32f0xx_hal_spi.o(i.HAL_SPI_TransmitReceive_IT), (336 bytes).
    Removing stm32f0xx_hal_spi.o(i.HAL_SPI_TransmitReceive_Quarternion), (824 bytes).
    Removing stm32f0xx_hal_spi.o(i.HAL_SPI_Transmit_DMA), (340 bytes).
    Removing stm32f0xx_hal_spi.o(i.HAL_SPI_Transmit_IT), (228 bytes).
    Removing stm32f0xx_hal_spi.o(i.HAL_SPI_TxCpltCallback), (2 bytes).
    Removing stm32f0xx_hal_spi.o(i.HAL_SPI_TxHalfCpltCallback), (2 bytes).
    Removing stm32f0xx_hal_spi.o(i.HAL_SPI_TxRxCpltCallback), (2 bytes).
    Removing stm32f0xx_hal_spi.o(i.HAL_SPI_TxRxHalfCpltCallback), (2 bytes).
    Removing stm32f0xx_hal_spi.o(i.SPI_2linesRxISR_16BIT), (84 bytes).
    Removing stm32f0xx_hal_spi.o(i.SPI_2linesRxISR_16BITCRC), (36 bytes).
    Removing stm32f0xx_hal_spi.o(i.SPI_2linesRxISR_8BIT), (152 bytes).
    Removing stm32f0xx_hal_spi.o(i.SPI_2linesRxISR_8BITCRC), (52 bytes).
    Removing stm32f0xx_hal_spi.o(i.SPI_2linesTxISR_16BIT), (80 bytes).
    Removing stm32f0xx_hal_spi.o(i.SPI_2linesTxISR_8BIT), (106 bytes).
    Removing stm32f0xx_hal_spi.o(i.SPI_CloseRxTx_ISR), (140 bytes).
    Removing stm32f0xx_hal_spi.o(i.SPI_CloseRx_ISR), (104 bytes).
    Removing stm32f0xx_hal_spi.o(i.SPI_CloseTx_ISR), (88 bytes).
    Removing stm32f0xx_hal_spi.o(i.SPI_DMAError), (40 bytes).
    Removing stm32f0xx_hal_spi.o(i.SPI_DMAHalfReceiveCplt), (14 bytes).
    Removing stm32f0xx_hal_spi.o(i.SPI_DMAHalfTransmitCplt), (14 bytes).
    Removing stm32f0xx_hal_spi.o(i.SPI_DMAHalfTransmitReceiveCplt), (14 bytes).
    Removing stm32f0xx_hal_spi.o(i.SPI_DMAReceiveCplt), (228 bytes).
    Removing stm32f0xx_hal_spi.o(i.SPI_DMATransmitCplt), (104 bytes).
    Removing stm32f0xx_hal_spi.o(i.SPI_DMATransmitReceiveCplt), (228 bytes).
    Removing stm32f0xx_hal_spi.o(i.SPI_EndRxTransaction), (136 bytes).
    Removing stm32f0xx_hal_spi.o(i.SPI_EndRxTxTransaction), (68 bytes).
    Removing stm32f0xx_hal_spi.o(i.SPI_RxISR_16BIT), (96 bytes).
    Removing stm32f0xx_hal_spi.o(i.SPI_RxISR_16BITCRC), (36 bytes).
    Removing stm32f0xx_hal_spi.o(i.SPI_RxISR_8BIT), (96 bytes).
    Removing stm32f0xx_hal_spi.o(i.SPI_RxISR_8BITCRC), (34 bytes).
    Removing stm32f0xx_hal_spi.o(i.SPI_TxISR_16BIT), (60 bytes).
    Removing stm32f0xx_hal_spi.o(i.SPI_TxISR_8BIT), (58 bytes).
    Removing stm32f0xx_hal_spi.o(i.SPI_WaitFifoStateUntilTimeout), (192 bytes).
    Removing stm32f0xx_hal_spi.o(i.SPI_WaitFlagStateUntilTimeout), (172 bytes).
    Removing stm32f0xx_hal_spi_ex.o(.rev16_text), (4 bytes).
    Removing stm32f0xx_hal_spi_ex.o(.revsh_text), (4 bytes).
    Removing stm32f0xx_hal_spi_ex.o(i.HAL_SPIEx_FlushRxFifo), (46 bytes).
    Removing stm32f0xx_hal_tim.o(.rev16_text), (4 bytes).
    Removing stm32f0xx_hal_tim.o(.revsh_text), (4 bytes).
    Removing stm32f0xx_hal_tim.o(i.HAL_TIM_ARPE_Disable), (18 bytes).
    Removing stm32f0xx_hal_tim.o(i.HAL_TIM_ARPE_Enable), (18 bytes).
    Removing stm32f0xx_hal_tim.o(i.HAL_TIM_Base_DeInit), (80 bytes).
    Removing stm32f0xx_hal_tim.o(i.HAL_TIM_Base_GetState), (8 bytes).
    Removing stm32f0xx_hal_tim.o(i.HAL_TIM_Base_MspDeInit), (2 bytes).
    Removing stm32f0xx_hal_tim.o(i.HAL_TIM_Base_Start), (30 bytes).
    Removing stm32f0xx_hal_tim.o(i.HAL_TIM_Base_Start_DMA), (108 bytes).
    Removing stm32f0xx_hal_tim.o(i.HAL_TIM_Base_Stop), (64 bytes).
    Removing stm32f0xx_hal_tim.o(i.HAL_TIM_Base_Stop_DMA), (72 bytes).
    Removing stm32f0xx_hal_tim.o(i.HAL_TIM_Base_Stop_IT), (64 bytes).
    Removing stm32f0xx_hal_tim.o(i.HAL_TIM_ConfigClockSource), (318 bytes).
    Removing stm32f0xx_hal_tim.o(i.HAL_TIM_ConfigOCrefClear), (292 bytes).
    Removing stm32f0xx_hal_tim.o(i.HAL_TIM_ConfigTI1Input), (34 bytes).
    Removing stm32f0xx_hal_tim.o(i.HAL_TIM_DMABurst_ReadStart), (400 bytes).
    Removing stm32f0xx_hal_tim.o(i.HAL_TIM_DMABurst_ReadStop), (146 bytes).
    Removing stm32f0xx_hal_tim.o(i.HAL_TIM_DMABurst_WriteStart), (400 bytes).
    Removing stm32f0xx_hal_tim.o(i.HAL_TIM_DMABurst_WriteStop), (146 bytes).
    Removing stm32f0xx_hal_tim.o(i.HAL_TIM_Encoder_DeInit), (80 bytes).
    Removing stm32f0xx_hal_tim.o(i.HAL_TIM_Encoder_GetState), (8 bytes).
    Removing stm32f0xx_hal_tim.o(i.HAL_TIM_Encoder_Init), (196 bytes).
    Removing stm32f0xx_hal_tim.o(i.HAL_TIM_Encoder_MspDeInit), (2 bytes).
    Removing stm32f0xx_hal_tim.o(i.HAL_TIM_Encoder_MspInit), (2 bytes).
    Removing stm32f0xx_hal_tim.o(i.HAL_TIM_Encoder_Start), (80 bytes).
    Removing stm32f0xx_hal_tim.o(i.HAL_TIM_Encoder_Start_DMA), (336 bytes).
    Removing stm32f0xx_hal_tim.o(i.HAL_TIM_Encoder_Start_IT), (128 bytes).
    Removing stm32f0xx_hal_tim.o(i.HAL_TIM_Encoder_Stop), (112 bytes).
    Removing stm32f0xx_hal_tim.o(i.HAL_TIM_Encoder_Stop_DMA), (168 bytes).
    Removing stm32f0xx_hal_tim.o(i.HAL_TIM_Encoder_Stop_IT), (160 bytes).
    Removing stm32f0xx_hal_tim.o(i.HAL_TIM_ErrorCallback), (2 bytes).
    Removing stm32f0xx_hal_tim.o(i.HAL_TIM_GenerateEvent), (54 bytes).
    Removing stm32f0xx_hal_tim.o(i.HAL_TIM_IC_ConfigChannel), (226 bytes).
    Removing stm32f0xx_hal_tim.o(i.HAL_TIM_IC_DeInit), (80 bytes).
    Removing stm32f0xx_hal_tim.o(i.HAL_TIM_IC_GetState), (8 bytes).
    Removing stm32f0xx_hal_tim.o(i.HAL_TIM_IC_Init), (56 bytes).
    Removing stm32f0xx_hal_tim.o(i.HAL_TIM_IC_MspDeInit), (2 bytes).
    Removing stm32f0xx_hal_tim.o(i.HAL_TIM_IC_MspInit), (2 bytes).
    Removing stm32f0xx_hal_tim.o(i.HAL_TIM_IC_Start), (32 bytes).
    Removing stm32f0xx_hal_tim.o(i.HAL_TIM_IC_Start_DMA), (276 bytes).
    Removing stm32f0xx_hal_tim.o(i.HAL_TIM_IC_Start_IT), (110 bytes).
    Removing stm32f0xx_hal_tim.o(i.HAL_TIM_IC_Stop), (64 bytes).
    Removing stm32f0xx_hal_tim.o(i.HAL_TIM_IC_Stop_DMA), (156 bytes).
    Removing stm32f0xx_hal_tim.o(i.HAL_TIM_IC_Stop_IT), (144 bytes).
    Removing stm32f0xx_hal_tim.o(i.HAL_TIM_OC_ConfigChannel), (118 bytes).
    Removing stm32f0xx_hal_tim.o(i.HAL_TIM_OC_DeInit), (80 bytes).
    Removing stm32f0xx_hal_tim.o(i.HAL_TIM_OC_GetState), (8 bytes).
    Removing stm32f0xx_hal_tim.o(i.HAL_TIM_OC_Init), (56 bytes).
    Removing stm32f0xx_hal_tim.o(i.HAL_TIM_OC_MspDeInit), (2 bytes).
    Removing stm32f0xx_hal_tim.o(i.HAL_TIM_OC_MspInit), (2 bytes).
    Removing stm32f0xx_hal_tim.o(i.HAL_TIM_OC_Start), (104 bytes).
    Removing stm32f0xx_hal_tim.o(i.HAL_TIM_OC_Start_DMA), (348 bytes).
    Removing stm32f0xx_hal_tim.o(i.HAL_TIM_OC_Start_IT), (184 bytes).
    Removing stm32f0xx_hal_tim.o(i.HAL_TIM_OC_Stop), (164 bytes).
    Removing stm32f0xx_hal_tim.o(i.HAL_TIM_OC_Stop_DMA), (256 bytes).
    Removing stm32f0xx_hal_tim.o(i.HAL_TIM_OC_Stop_IT), (244 bytes).
    Removing stm32f0xx_hal_tim.o(i.HAL_TIM_OnePulse_ConfigChannel), (298 bytes).
    Removing stm32f0xx_hal_tim.o(i.HAL_TIM_OnePulse_DeInit), (80 bytes).
    Removing stm32f0xx_hal_tim.o(i.HAL_TIM_OnePulse_GetState), (8 bytes).
    Removing stm32f0xx_hal_tim.o(i.HAL_TIM_OnePulse_Init), (80 bytes).
    Removing stm32f0xx_hal_tim.o(i.HAL_TIM_OnePulse_MspDeInit), (2 bytes).
    Removing stm32f0xx_hal_tim.o(i.HAL_TIM_OnePulse_MspInit), (2 bytes).
    Removing stm32f0xx_hal_tim.o(i.HAL_TIM_OnePulse_Start), (104 bytes).
    Removing stm32f0xx_hal_tim.o(i.HAL_TIM_OnePulse_Start_IT), (128 bytes).
    Removing stm32f0xx_hal_tim.o(i.HAL_TIM_OnePulse_Stop), (176 bytes).
    Removing stm32f0xx_hal_tim.o(i.HAL_TIM_OnePulse_Stop_IT), (200 bytes).
    Removing stm32f0xx_hal_tim.o(i.HAL_TIM_PWM_ConfigChannel), (274 bytes).
    Removing stm32f0xx_hal_tim.o(i.HAL_TIM_PWM_DeInit), (80 bytes).
    Removing stm32f0xx_hal_tim.o(i.HAL_TIM_PWM_GetState), (8 bytes).
    Removing stm32f0xx_hal_tim.o(i.HAL_TIM_PWM_Init), (56 bytes).
    Removing stm32f0xx_hal_tim.o(i.HAL_TIM_PWM_MspDeInit), (2 bytes).
    Removing stm32f0xx_hal_tim.o(i.HAL_TIM_PWM_MspInit), (2 bytes).
    Removing stm32f0xx_hal_tim.o(i.HAL_TIM_PWM_Start), (104 bytes).
    Removing stm32f0xx_hal_tim.o(i.HAL_TIM_PWM_Start_DMA), (348 bytes).
    Removing stm32f0xx_hal_tim.o(i.HAL_TIM_PWM_Start_IT), (184 bytes).
    Removing stm32f0xx_hal_tim.o(i.HAL_TIM_PWM_Stop), (172 bytes).
    Removing stm32f0xx_hal_tim.o(i.HAL_TIM_PWM_Stop_DMA), (256 bytes).
    Removing stm32f0xx_hal_tim.o(i.HAL_TIM_PWM_Stop_IT), (244 bytes).
    Removing stm32f0xx_hal_tim.o(i.HAL_TIM_ReadCapturedValue), (88 bytes).
    Removing stm32f0xx_hal_tim.o(i.HAL_TIM_SlaveConfigSynchronization), (88 bytes).
    Removing stm32f0xx_hal_tim.o(i.HAL_TIM_SlaveConfigSynchronization_IT), (88 bytes).
    Removing stm32f0xx_hal_tim.o(i.TIM_CCxChannelCmd), (28 bytes).
    Removing stm32f0xx_hal_tim.o(i.TIM_DMACaptureCplt), (70 bytes).
    Removing stm32f0xx_hal_tim.o(i.TIM_DMADelayPulseCplt), (70 bytes).
    Removing stm32f0xx_hal_tim.o(i.TIM_DMAError), (20 bytes).
    Removing stm32f0xx_hal_tim.o(i.TIM_DMAPeriodElapsedCplt), (20 bytes).
    Removing stm32f0xx_hal_tim.o(i.TIM_DMATriggerCplt), (20 bytes).
    Removing stm32f0xx_hal_tim.o(i.TIM_ETR_SetConfig), (30 bytes).
    Removing stm32f0xx_hal_tim.o(i.TIM_ITRx_SetConfig), (26 bytes).
    Removing stm32f0xx_hal_tim.o(i.TIM_OC1_SetConfig), (180 bytes).
    Removing stm32f0xx_hal_tim.o(i.TIM_OC2_SetConfig), (200 bytes).
    Removing stm32f0xx_hal_tim.o(i.TIM_OC3_SetConfig), (196 bytes).
    Removing stm32f0xx_hal_tim.o(i.TIM_OC4_SetConfig), (136 bytes).
    Removing stm32f0xx_hal_tim.o(i.TIM_SlaveTimer_SetConfig), (172 bytes).
    Removing stm32f0xx_hal_tim.o(i.TIM_TI1_ConfigInputStage), (54 bytes).
    Removing stm32f0xx_hal_tim.o(i.TIM_TI1_SetConfig), (120 bytes).
    Removing stm32f0xx_hal_tim.o(i.TIM_TI2_ConfigInputStage), (54 bytes).
    Removing stm32f0xx_hal_tim.o(i.TIM_TI2_SetConfig), (76 bytes).
    Removing stm32f0xx_hal_tim.o(i.TIM_TI3_SetConfig), (74 bytes).
    Removing stm32f0xx_hal_tim.o(i.TIM_TI4_SetConfig), (82 bytes).
    Removing stm32f0xx_hal_tim_ex.o(.rev16_text), (4 bytes).
    Removing stm32f0xx_hal_tim_ex.o(.revsh_text), (4 bytes).
    Removing stm32f0xx_hal_tim_ex.o(i.HAL_TIMEx_ConfigBreakDeadTime), (80 bytes).
    Removing stm32f0xx_hal_tim_ex.o(i.HAL_TIMEx_ConfigCommutationEvent), (112 bytes).
    Removing stm32f0xx_hal_tim_ex.o(i.HAL_TIMEx_ConfigCommutationEvent_DMA), (148 bytes).
    Removing stm32f0xx_hal_tim_ex.o(i.HAL_TIMEx_ConfigCommutationEvent_IT), (124 bytes).
    Removing stm32f0xx_hal_tim_ex.o(i.HAL_TIMEx_HallSensor_DeInit), (80 bytes).
    Removing stm32f0xx_hal_tim_ex.o(i.HAL_TIMEx_HallSensor_GetState), (8 bytes).
    Removing stm32f0xx_hal_tim_ex.o(i.HAL_TIMEx_HallSensor_Init), (212 bytes).
    Removing stm32f0xx_hal_tim_ex.o(i.HAL_TIMEx_HallSensor_MspDeInit), (2 bytes).
    Removing stm32f0xx_hal_tim_ex.o(i.HAL_TIMEx_HallSensor_MspInit), (2 bytes).
    Removing stm32f0xx_hal_tim_ex.o(i.HAL_TIMEx_HallSensor_Start), (30 bytes).
    Removing stm32f0xx_hal_tim_ex.o(i.HAL_TIMEx_HallSensor_Start_DMA), (120 bytes).
    Removing stm32f0xx_hal_tim_ex.o(i.HAL_TIMEx_HallSensor_Start_IT), (42 bytes).
    Removing stm32f0xx_hal_tim_ex.o(i.HAL_TIMEx_HallSensor_Stop), (64 bytes).
    Removing stm32f0xx_hal_tim_ex.o(i.HAL_TIMEx_HallSensor_Stop_DMA), (76 bytes).
    Removing stm32f0xx_hal_tim_ex.o(i.HAL_TIMEx_HallSensor_Stop_IT), (76 bytes).
    Removing stm32f0xx_hal_tim_ex.o(i.HAL_TIMEx_MasterConfigSynchronization), (98 bytes).
    Removing stm32f0xx_hal_tim_ex.o(i.HAL_TIMEx_OCN_Start), (46 bytes).
    Removing stm32f0xx_hal_tim_ex.o(i.HAL_TIMEx_OCN_Start_DMA), (292 bytes).
    Removing stm32f0xx_hal_tim_ex.o(i.HAL_TIMEx_OCN_Start_IT), (136 bytes).
    Removing stm32f0xx_hal_tim_ex.o(i.HAL_TIMEx_OCN_Stop), (108 bytes).
    Removing stm32f0xx_hal_tim_ex.o(i.HAL_TIMEx_OCN_Stop_DMA), (200 bytes).
    Removing stm32f0xx_hal_tim_ex.o(i.HAL_TIMEx_OCN_Stop_IT), (216 bytes).
    Removing stm32f0xx_hal_tim_ex.o(i.HAL_TIMEx_OnePulseN_Start), (34 bytes).
    Removing stm32f0xx_hal_tim_ex.o(i.HAL_TIMEx_OnePulseN_Start_IT), (58 bytes).
    Removing stm32f0xx_hal_tim_ex.o(i.HAL_TIMEx_OnePulseN_Stop), (108 bytes).
    Removing stm32f0xx_hal_tim_ex.o(i.HAL_TIMEx_OnePulseN_Stop_IT), (132 bytes).
    Removing stm32f0xx_hal_tim_ex.o(i.HAL_TIMEx_PWMN_Start), (46 bytes).
    Removing stm32f0xx_hal_tim_ex.o(i.HAL_TIMEx_PWMN_Start_DMA), (292 bytes).
    Removing stm32f0xx_hal_tim_ex.o(i.HAL_TIMEx_PWMN_Start_IT), (136 bytes).
    Removing stm32f0xx_hal_tim_ex.o(i.HAL_TIMEx_PWMN_Stop), (108 bytes).
    Removing stm32f0xx_hal_tim_ex.o(i.HAL_TIMEx_PWMN_Stop_DMA), (200 bytes).
    Removing stm32f0xx_hal_tim_ex.o(i.HAL_TIMEx_PWMN_Stop_IT), (216 bytes).
    Removing stm32f0xx_hal_tim_ex.o(i.HAL_TIMEx_RemapConfig), (46 bytes).
    Removing stm32f0xx_hal_tim_ex.o(i.TIMEx_DMACommutationCplt), (20 bytes).
    Removing stm32f0xx_hal_tim_ex.o(i.TIM_CCxNChannelCmd), (28 bytes).
    Removing stm32f0xx_hal_tsc.o(.rev16_text), (4 bytes).
    Removing stm32f0xx_hal_tsc.o(.revsh_text), (4 bytes).
    Removing stm32f0xx_hal_uart.o(.rev16_text), (4 bytes).
    Removing stm32f0xx_hal_uart.o(.revsh_text), (4 bytes).
    Removing stm32f0xx_hal_uart.o(i.HAL_HalfDuplex_EnableReceiver), (74 bytes).
    Removing stm32f0xx_hal_uart.o(i.HAL_HalfDuplex_EnableTransmitter), (74 bytes).
    Removing stm32f0xx_hal_uart.o(i.HAL_HalfDuplex_Init), (132 bytes).
    Removing stm32f0xx_hal_uart.o(i.HAL_MultiProcessor_DisableMuteMode), (58 bytes).
    Removing stm32f0xx_hal_uart.o(i.HAL_MultiProcessor_EnableMuteMode), (58 bytes).
    Removing stm32f0xx_hal_uart.o(i.HAL_MultiProcessor_EnterMuteMode), (14 bytes).
    Removing stm32f0xx_hal_uart.o(i.HAL_MultiProcessor_Init), (164 bytes).
    Removing stm32f0xx_hal_uart.o(i.HAL_UART_DMAPause), (114 bytes).
    Removing stm32f0xx_hal_uart.o(i.HAL_UART_DMAResume), (126 bytes).
    Removing stm32f0xx_hal_uart.o(i.HAL_UART_DMAStop), (62 bytes).
    Removing stm32f0xx_hal_uart.o(i.HAL_UART_DeInit), (72 bytes).
    Removing stm32f0xx_hal_uart.o(i.HAL_UART_ErrorCallback), (2 bytes).
    Removing stm32f0xx_hal_uart.o(i.HAL_UART_GetError), (6 bytes).
    Removing stm32f0xx_hal_uart.o(i.HAL_UART_GetState), (8 bytes).
    Removing stm32f0xx_hal_uart.o(i.HAL_UART_Init), (130 bytes).
    Removing stm32f0xx_hal_uart.o(i.HAL_UART_MspDeInit), (2 bytes).
    Removing stm32f0xx_hal_uart.o(i.HAL_UART_MspInit), (88 bytes).
    Removing stm32f0xx_hal_uart.o(i.HAL_UART_Receive), (332 bytes).
    Removing stm32f0xx_hal_uart.o(i.HAL_UART_Receive_DMA), (172 bytes).
    Removing stm32f0xx_hal_uart.o(i.HAL_UART_Receive_IT), (244 bytes).
    Removing stm32f0xx_hal_uart.o(i.HAL_UART_RxCpltCallback), (2 bytes).
    Removing stm32f0xx_hal_uart.o(i.HAL_UART_RxHalfCpltCallback), (2 bytes).
    Removing stm32f0xx_hal_uart.o(i.HAL_UART_Transmit), (238 bytes).
    Removing stm32f0xx_hal_uart.o(i.HAL_UART_Transmit_DMA), (180 bytes).
    Removing stm32f0xx_hal_uart.o(i.HAL_UART_Transmit_IT), (132 bytes).
    Removing stm32f0xx_hal_uart.o(i.HAL_UART_TxCpltCallback), (2 bytes).
    Removing stm32f0xx_hal_uart.o(i.HAL_UART_TxHalfCpltCallback), (2 bytes).
    Removing stm32f0xx_hal_uart.o(i.UART_AdvFeatureConfig), (240 bytes).
    Removing stm32f0xx_hal_uart.o(i.UART_CheckIdleState), (120 bytes).
    Removing stm32f0xx_hal_uart.o(i.UART_DMAError), (38 bytes).
    Removing stm32f0xx_hal_uart.o(i.UART_DMAReceiveCplt), (66 bytes).
    Removing stm32f0xx_hal_uart.o(i.UART_DMARxHalfCplt), (14 bytes).
    Removing stm32f0xx_hal_uart.o(i.UART_DMATransmitCplt), (58 bytes).
    Removing stm32f0xx_hal_uart.o(i.UART_DMATxHalfCplt), (14 bytes).
    Removing stm32f0xx_hal_uart.o(i.UART_EndTransmit_IT), (60 bytes).
    Removing stm32f0xx_hal_uart.o(i.UART_Receive_IT), (168 bytes).
    Removing stm32f0xx_hal_uart.o(i.UART_SetConfig), (524 bytes).
    Removing stm32f0xx_hal_uart.o(i.UART_Transmit_IT), (122 bytes).
    Removing stm32f0xx_hal_uart.o(i.UART_WaitOnFlagUntilTimeout), (254 bytes).
    Removing stm32f0xx_hal_uart_ex.o(.rev16_text), (4 bytes).
    Removing stm32f0xx_hal_uart_ex.o(.revsh_text), (4 bytes).
    Removing stm32f0xx_hal_uart_ex.o(i.HAL_LIN_Init), (174 bytes).
    Removing stm32f0xx_hal_uart_ex.o(i.HAL_LIN_SendBreak), (60 bytes).
    Removing stm32f0xx_hal_uart_ex.o(i.HAL_MultiProcessorEx_AddressLength_Set), (66 bytes).
    Removing stm32f0xx_hal_uart_ex.o(i.HAL_RS485Ex_Init), (160 bytes).
    Removing stm32f0xx_hal_uart_ex.o(i.HAL_UARTEx_DisableStopMode), (60 bytes).
    Removing stm32f0xx_hal_uart_ex.o(i.HAL_UARTEx_EnableStopMode), (60 bytes).
    Removing stm32f0xx_hal_uart_ex.o(i.HAL_UARTEx_StopModeWakeUpSourceConfig), (140 bytes).
    Removing stm32f0xx_hal_uart_ex.o(i.HAL_UARTEx_WakeupCallback), (2 bytes).
    Removing stm32f0xx_hal_uart_ex.o(i.HAL_UART_IRQHandler), (334 bytes).
    Removing stm32f0xx_hal_uart_ex.o(i.UARTEx_Wakeup_AddressConfig), (42 bytes).
    Removing stm32f0xx_hal_usart.o(.rev16_text), (4 bytes).
    Removing stm32f0xx_hal_usart.o(.revsh_text), (4 bytes).
    Removing stm32f0xx_hal_usart.o(i.HAL_USART_DMAPause), (114 bytes).
    Removing stm32f0xx_hal_usart.o(i.HAL_USART_DMAResume), (126 bytes).
    Removing stm32f0xx_hal_usart.o(i.HAL_USART_DMAStop), (62 bytes).
    Removing stm32f0xx_hal_usart.o(i.HAL_USART_DeInit), (60 bytes).
    Removing stm32f0xx_hal_usart.o(i.HAL_USART_ErrorCallback), (2 bytes).
    Removing stm32f0xx_hal_usart.o(i.HAL_USART_GetError), (6 bytes).
    Removing stm32f0xx_hal_usart.o(i.HAL_USART_GetState), (8 bytes).
    Removing stm32f0xx_hal_usart.o(i.HAL_USART_IRQHandler), (310 bytes).
    Removing stm32f0xx_hal_usart.o(i.HAL_USART_Init), (108 bytes).
    Removing stm32f0xx_hal_usart.o(i.HAL_USART_MspDeInit), (2 bytes).
    Removing stm32f0xx_hal_usart.o(i.HAL_USART_MspInit), (2 bytes).
    Removing stm32f0xx_hal_usart.o(i.HAL_USART_Receive), (292 bytes).
    Removing stm32f0xx_hal_usart.o(i.HAL_USART_Receive_DMA), (180 bytes).
    Removing stm32f0xx_hal_usart.o(i.HAL_USART_Receive_IT), (228 bytes).
    Removing stm32f0xx_hal_usart.o(i.HAL_USART_RxCpltCallback), (2 bytes).
    Removing stm32f0xx_hal_usart.o(i.HAL_USART_RxHalfCpltCallback), (2 bytes).
    Removing stm32f0xx_hal_usart.o(i.HAL_USART_Transmit), (188 bytes).
    Removing stm32f0xx_hal_usart.o(i.HAL_USART_TransmitReceive), (348 bytes).
    Removing stm32f0xx_hal_usart.o(i.HAL_USART_TransmitReceive_DMA), (220 bytes).
    Removing stm32f0xx_hal_usart.o(i.HAL_USART_TransmitReceive_IT), (224 bytes).
    Removing stm32f0xx_hal_usart.o(i.HAL_USART_Transmit_DMA), (156 bytes).
    Removing stm32f0xx_hal_usart.o(i.HAL_USART_Transmit_IT), (92 bytes).
    Removing stm32f0xx_hal_usart.o(i.HAL_USART_TxCpltCallback), (2 bytes).
    Removing stm32f0xx_hal_usart.o(i.HAL_USART_TxHalfCpltCallback), (2 bytes).
    Removing stm32f0xx_hal_usart.o(i.HAL_USART_TxRxCpltCallback), (2 bytes).
    Removing stm32f0xx_hal_usart.o(i.USART_CheckIdleState), (120 bytes).
    Removing stm32f0xx_hal_usart.o(i.USART_DMAError), (34 bytes).
    Removing stm32f0xx_hal_usart.o(i.USART_DMAReceiveCplt), (98 bytes).
    Removing stm32f0xx_hal_usart.o(i.USART_DMARxHalfCplt), (14 bytes).
    Removing stm32f0xx_hal_usart.o(i.USART_DMATransmitCplt), (70 bytes).
    Removing stm32f0xx_hal_usart.o(i.USART_DMATxHalfCplt), (14 bytes).
    Removing stm32f0xx_hal_usart.o(i.USART_EndTransmit_IT), (44 bytes).
    Removing stm32f0xx_hal_usart.o(i.USART_Receive_IT), (146 bytes).
    Removing stm32f0xx_hal_usart.o(i.USART_SetConfig), (412 bytes).
    Removing stm32f0xx_hal_usart.o(i.USART_TransmitReceive_IT), (250 bytes).
    Removing stm32f0xx_hal_usart.o(i.USART_Transmit_IT), (108 bytes).
    Removing stm32f0xx_hal_usart.o(i.USART_WaitOnFlagUntilTimeout), (254 bytes).
    Removing stm32f0xx_hal_wwdg.o(.rev16_text), (4 bytes).
    Removing stm32f0xx_hal_wwdg.o(.revsh_text), (4 bytes).
    Removing usbd_core.o(.rev16_text), (4 bytes).
    Removing usbd_core.o(.revsh_text), (4 bytes).
    Removing usbd_core.o(i.USBD_ClrClassConfig), (24 bytes).
    Removing usbd_core.o(i.USBD_DeInit), (42 bytes).
    Removing usbd_core.o(i.USBD_Init), (64 bytes).
    Removing usbd_core.o(i.USBD_LL_DataInStage), (238 bytes).
    Removing usbd_core.o(i.USBD_LL_DataOutStage), (150 bytes).
    Removing usbd_core.o(i.USBD_LL_DevConnected), (6 bytes).
    Removing usbd_core.o(i.USBD_LL_DevDisconnected), (30 bytes).
    Removing usbd_core.o(i.USBD_LL_IsoINIncomplete), (6 bytes).
    Removing usbd_core.o(i.USBD_LL_IsoOUTIncomplete), (6 bytes).
    Removing usbd_core.o(i.USBD_LL_Reset), (76 bytes).
    Removing usbd_core.o(i.USBD_LL_Resume), (16 bytes).
    Removing usbd_core.o(i.USBD_LL_SOF), (42 bytes).
    Removing usbd_core.o(i.USBD_LL_SetSpeed), (8 bytes).
    Removing usbd_core.o(i.USBD_LL_SetupStage), (132 bytes).
    Removing usbd_core.o(i.USBD_LL_Suspend), (22 bytes).
    Removing usbd_core.o(i.USBD_RegisterClass), (20 bytes).
    Removing usbd_core.o(i.USBD_RunTestMode), (6 bytes).
    Removing usbd_core.o(i.USBD_SetClassConfig), (42 bytes).
    Removing usbd_core.o(i.USBD_Start), (14 bytes).
    Removing usbd_core.o(i.USBD_Stop), (28 bytes).
    Removing usbd_ctlreq.o(.rev16_text), (4 bytes).
    Removing usbd_ctlreq.o(.revsh_text), (4 bytes).
    Removing usbd_ctlreq.o(i.USBD_ClrFeature), (74 bytes).
    Removing usbd_ctlreq.o(i.USBD_CtlError), (24 bytes).
    Removing usbd_ctlreq.o(i.USBD_GetConfig), (82 bytes).
    Removing usbd_ctlreq.o(i.USBD_GetDescriptor), (368 bytes).
    Removing usbd_ctlreq.o(i.USBD_GetLen), (20 bytes).
    Removing usbd_ctlreq.o(i.USBD_GetStatus), (74 bytes).
    Removing usbd_ctlreq.o(i.USBD_GetString), (78 bytes).
    Removing usbd_ctlreq.o(i.USBD_ParseSetupRequest), (40 bytes).
    Removing usbd_ctlreq.o(i.USBD_SetAddress), (98 bytes).
    Removing usbd_ctlreq.o(i.USBD_SetConfig), (232 bytes).
    Removing usbd_ctlreq.o(i.USBD_SetFeature), (42 bytes).
    Removing usbd_ctlreq.o(i.USBD_StdDevReq), (114 bytes).
    Removing usbd_ctlreq.o(i.USBD_StdEPReq), (362 bytes).
    Removing usbd_ctlreq.o(i.USBD_StdItfReq), (82 bytes).
    Removing usbd_ctlreq.o(.data), (1 bytes).
    Removing usbd_ioreq.o(.rev16_text), (4 bytes).
    Removing usbd_ioreq.o(.revsh_text), (4 bytes).
    Removing usbd_ioreq.o(i.USBD_CtlContinueRx), (24 bytes).
    Removing usbd_ioreq.o(i.USBD_CtlContinueSendData), (24 bytes).
    Removing usbd_ioreq.o(i.USBD_CtlPrepareRx), (42 bytes).
    Removing usbd_ioreq.o(i.USBD_CtlReceiveStatus), (28 bytes).
    Removing usbd_ioreq.o(i.USBD_CtlSendData), (36 bytes).
    Removing usbd_ioreq.o(i.USBD_CtlSendStatus), (28 bytes).
    Removing usbd_ioreq.o(i.USBD_GetRxCount), (18 bytes).
    Removing usbd_customhid.o(.rev16_text), (4 bytes).
    Removing usbd_customhid.o(.revsh_text), (4 bytes).
    Removing usbd_customhid.o(i.USBD_CUSTOM_HID_DataIn), (20 bytes).
    Removing usbd_customhid.o(i.USBD_CUSTOM_HID_DataOut), (38 bytes).
    Removing usbd_customhid.o(i.USBD_CUSTOM_HID_DeInit), (64 bytes).
    Removing usbd_customhid.o(i.USBD_CUSTOM_HID_EP0_RxReady), (52 bytes).
    Removing usbd_customhid.o(i.USBD_CUSTOM_HID_GetCfgDesc), (16 bytes).
    Removing usbd_customhid.o(i.USBD_CUSTOM_HID_GetDeviceQualifierDesc), (16 bytes).
    Removing usbd_customhid.o(i.USBD_CUSTOM_HID_Init), (98 bytes).
    Removing usbd_customhid.o(i.USBD_CUSTOM_HID_RegisterInterface), (18 bytes).
    Removing usbd_customhid.o(i.USBD_CUSTOM_HID_SendReport), (58 bytes).
    Removing usbd_customhid.o(i.USBD_CUSTOM_HID_Setup), (296 bytes).
    Removing usbd_customhid.o(.bss), (34 bytes).
    Removing usbd_customhid.o(.data), (132 bytes).
    Removing usb_dfu.o(.rev16_text), (4 bytes).
    Removing usb_dfu.o(.revsh_text), (4 bytes).
    Removing usb_dfu.o(i.OptionErase), (152 bytes).
    Removing usb_dfu.o(i.OptionFlashOperationPreparation), (76 bytes).
    Removing usb_dfu.o(i.OptionProg), (200 bytes).
    Removing usb_dfu.o(i.WriteTheDfuDataToOptionByte), (308 bytes).
    Removing usb_dfu.o(.data), (8 bytes).
    Removing usb_device.o(.rev16_text), (4 bytes).
    Removing usb_device.o(.revsh_text), (4 bytes).
    Removing usb_device.o(i.MX_USB_DEVICE_Init), (52 bytes).
    Removing usb_device.o(.bss), (548 bytes).
    Removing usbd_conf.o(.rev16_text), (4 bytes).
    Removing usbd_conf.o(.revsh_text), (4 bytes).
    Removing usbd_conf.o(i.HAL_PCDEx_SetConnectionState), (2 bytes).
    Removing usbd_conf.o(i.HAL_PCD_ConnectCallback), (16 bytes).
    Removing usbd_conf.o(i.HAL_PCD_DataInStageCallback), (32 bytes).
    Removing usbd_conf.o(i.HAL_PCD_DataOutStageCallback), (34 bytes).
    Removing usbd_conf.o(i.HAL_PCD_DisconnectCallback), (16 bytes).
    Removing usbd_conf.o(i.HAL_PCD_ISOINIncompleteCallback), (20 bytes).
    Removing usbd_conf.o(i.HAL_PCD_ISOOUTIncompleteCallback), (20 bytes).
    Removing usbd_conf.o(i.HAL_PCD_MspDeInit), (44 bytes).
    Removing usbd_conf.o(i.HAL_PCD_MspInit), (72 bytes).
    Removing usbd_conf.o(i.HAL_PCD_ResetCallback), (46 bytes).
    Removing usbd_conf.o(i.HAL_PCD_ResumeCallback), (44 bytes).
    Removing usbd_conf.o(i.HAL_PCD_SOFCallback), (16 bytes).
    Removing usbd_conf.o(i.HAL_PCD_SetupStageCallback), (22 bytes).
    Removing usbd_conf.o(i.HAL_PCD_SuspendCallback), (40 bytes).
    Removing usbd_conf.o(i.SystemClockConfig_Resume), (8 bytes).
    Removing usbd_conf.o(i.USBD_LL_ClearStallEP), (22 bytes).
    Removing usbd_conf.o(i.USBD_LL_CloseEP), (22 bytes).
    Removing usbd_conf.o(i.USBD_LL_DeInit), (18 bytes).
    Removing usbd_conf.o(i.USBD_LL_Delay), (12 bytes).
    Removing usbd_conf.o(i.USBD_LL_FlushEP), (22 bytes).
    Removing usbd_conf.o(i.USBD_LL_GetRxDataSize), (20 bytes).
    Removing usbd_conf.o(i.USBD_LL_Init), (128 bytes).
    Removing usbd_conf.o(i.USBD_LL_IsStallEP), (56 bytes).
    Removing usbd_conf.o(i.USBD_LL_OpenEP), (30 bytes).
    Removing usbd_conf.o(i.USBD_LL_PrepareReceive), (30 bytes).
    Removing usbd_conf.o(i.USBD_LL_SetUSBAddress), (22 bytes).
    Removing usbd_conf.o(i.USBD_LL_StallEP), (22 bytes).
    Removing usbd_conf.o(i.USBD_LL_Start), (18 bytes).
    Removing usbd_conf.o(i.USBD_LL_Stop), (18 bytes).
    Removing usbd_conf.o(i.USBD_LL_Transmit), (30 bytes).
    Removing usbd_conf.o(i.USBD_static_free), (2 bytes).
    Removing usbd_conf.o(i.USBD_static_malloc), (12 bytes).
    Removing usbd_conf.o(.bss), (892 bytes).
    Removing usbd_custom_hid_if.o(.rev16_text), (4 bytes).
    Removing usbd_custom_hid_if.o(.revsh_text), (4 bytes).
    Removing usbd_custom_hid_if.o(i.CUSTOM_HID_DeInit_FS), (4 bytes).
    Removing usbd_custom_hid_if.o(i.CUSTOM_HID_Init_FS), (20 bytes).
    Removing usbd_custom_hid_if.o(i.CUSTOM_HID_OutEvent_FS), (20 bytes).
    Removing usbd_custom_hid_if.o(.data), (132 bytes).
    Removing usbd_desc.o(.rev16_text), (4 bytes).
    Removing usbd_desc.o(.revsh_text), (4 bytes).
    Removing usbd_desc.o(i.USBD_FS_ConfigStrDescriptor), (60 bytes).
    Removing usbd_desc.o(i.USBD_FS_DeviceDescriptor), (16 bytes).
    Removing usbd_desc.o(i.USBD_FS_InterfaceStrDescriptor), (64 bytes).
    Removing usbd_desc.o(i.USBD_FS_LangIDStrDescriptor), (16 bytes).
    Removing usbd_desc.o(i.USBD_FS_ManufacturerStrDescriptor), (48 bytes).
    Removing usbd_desc.o(i.USBD_FS_ProductStrDescriptor), (68 bytes).
    Removing usbd_desc.o(i.USBD_FS_SerialStrDescriptor), (48 bytes).
    Removing usbd_desc.o(.bss), (512 bytes).
    Removing usbd_desc.o(.data), (52 bytes).
    Removing stm32f0xx_hal_tim.o(i.__ARM_common_switch8), (28 bytes).

743 unused section(s) (total 71427 bytes) removed from the image.

==============================================================================

Image Symbol Table

    Local Symbols

    Symbol Name                              Value     Ov Type        Size  Object(Section)

    ../clib/microlib/division.c              0x00000000   Number         0  uidiv.o ABSOLUTE
    ../clib/microlib/init/entry.s            0x00000000   Number         0  entry8a.o ABSOLUTE
    ../clib/microlib/init/entry.s            0x00000000   Number         0  entry7a.o ABSOLUTE
    ../clib/microlib/init/entry.s            0x00000000   Number         0  entry8b.o ABSOLUTE
    ../clib/microlib/init/entry.s            0x00000000   Number         0  entry9a.o ABSOLUTE
    ../clib/microlib/init/entry.s            0x00000000   Number         0  entry11b.o ABSOLUTE
    ../clib/microlib/init/entry.s            0x00000000   Number         0  entry11a.o ABSOLUTE
    ../clib/microlib/init/entry.s            0x00000000   Number         0  entry10b.o ABSOLUTE
    ../clib/microlib/init/entry.s            0x00000000   Number         0  entry10a.o ABSOLUTE
    ../clib/microlib/init/entry.s            0x00000000   Number         0  entry9b.o ABSOLUTE
    ../clib/microlib/init/entry.s            0x00000000   Number         0  entry.o ABSOLUTE
    ../clib/microlib/init/entry.s            0x00000000   Number         0  entry2.o ABSOLUTE
    ../clib/microlib/init/entry.s            0x00000000   Number         0  entry5.o ABSOLUTE
    ../clib/microlib/init/entry.s            0x00000000   Number         0  entry7b.o ABSOLUTE
    ../clib/microlib/longlong.c              0x00000000   Number         0  llushr.o ABSOLUTE
    ..\Drivers\CMSIS\Device\ST\STM32F0xx\Source\Templates\arm\startup_stm32f072xb.s 0x00000000   Number         0  startup_stm32f072xb.o ABSOLUTE
    ..\Drivers\CMSIS\Device\ST\STM32F0xx\Source\Templates\system_stm32f0xx.c 0x00000000   Number         0  system_stm32f0xx.o ABSOLUTE
    ..\Drivers\STM32F0xx_HAL_Driver\Src\stm32f0xx_hal.c 0x00000000   Number         0  stm32f0xx_hal.o ABSOLUTE
    ..\Drivers\STM32F0xx_HAL_Driver\Src\stm32f0xx_hal_adc.c 0x00000000   Number         0  stm32f0xx_hal_adc.o ABSOLUTE
    ..\Drivers\STM32F0xx_HAL_Driver\Src\stm32f0xx_hal_adc_ex.c 0x00000000   Number         0  stm32f0xx_hal_adc_ex.o ABSOLUTE
    ..\Drivers\STM32F0xx_HAL_Driver\Src\stm32f0xx_hal_can.c 0x00000000   Number         0  stm32f0xx_hal_can.o ABSOLUTE
    ..\Drivers\STM32F0xx_HAL_Driver\Src\stm32f0xx_hal_cec.c 0x00000000   Number         0  stm32f0xx_hal_cec.o ABSOLUTE
    ..\Drivers\STM32F0xx_HAL_Driver\Src\stm32f0xx_hal_comp.c 0x00000000   Number         0  stm32f0xx_hal_comp.o ABSOLUTE
    ..\Drivers\STM32F0xx_HAL_Driver\Src\stm32f0xx_hal_cortex.c 0x00000000   Number         0  stm32f0xx_hal_cortex.o ABSOLUTE
    ..\Drivers\STM32F0xx_HAL_Driver\Src\stm32f0xx_hal_crc.c 0x00000000   Number         0  stm32f0xx_hal_crc.o ABSOLUTE
    ..\Drivers\STM32F0xx_HAL_Driver\Src\stm32f0xx_hal_crc_ex.c 0x00000000   Number         0  stm32f0xx_hal_crc_ex.o ABSOLUTE
    ..\Drivers\STM32F0xx_HAL_Driver\Src\stm32f0xx_hal_dac.c 0x00000000   Number         0  stm32f0xx_hal_dac.o ABSOLUTE
    ..\Drivers\STM32F0xx_HAL_Driver\Src\stm32f0xx_hal_dac_ex.c 0x00000000   Number         0  stm32f0xx_hal_dac_ex.o ABSOLUTE
    ..\Drivers\STM32F0xx_HAL_Driver\Src\stm32f0xx_hal_dma.c 0x00000000   Number         0  stm32f0xx_hal_dma.o ABSOLUTE
    ..\Drivers\STM32F0xx_HAL_Driver\Src\stm32f0xx_hal_flash.c 0x00000000   Number         0  stm32f0xx_hal_flash.o ABSOLUTE
    ..\Drivers\STM32F0xx_HAL_Driver\Src\stm32f0xx_hal_flash_ex.c 0x00000000   Number         0  stm32f0xx_hal_flash_ex.o ABSOLUTE
    ..\Drivers\STM32F0xx_HAL_Driver\Src\stm32f0xx_hal_gpio.c 0x00000000   Number         0  stm32f0xx_hal_gpio.o ABSOLUTE
    ..\Drivers\STM32F0xx_HAL_Driver\Src\stm32f0xx_hal_i2c.c 0x00000000   Number         0  stm32f0xx_hal_i2c.o ABSOLUTE
    ..\Drivers\STM32F0xx_HAL_Driver\Src\stm32f0xx_hal_i2c_ex.c 0x00000000   Number         0  stm32f0xx_hal_i2c_ex.o ABSOLUTE
    ..\Drivers\STM32F0xx_HAL_Driver\Src\stm32f0xx_hal_i2s.c 0x00000000   Number         0  stm32f0xx_hal_i2s.o ABSOLUTE
    ..\Drivers\STM32F0xx_HAL_Driver\Src\stm32f0xx_hal_irda.c 0x00000000   Number         0  stm32f0xx_hal_irda.o ABSOLUTE
    ..\Drivers\STM32F0xx_HAL_Driver\Src\stm32f0xx_hal_iwdg.c 0x00000000   Number         0  stm32f0xx_hal_iwdg.o ABSOLUTE
    ..\Drivers\STM32F0xx_HAL_Driver\Src\stm32f0xx_hal_msp_template.c 0x00000000   Number         0  stm32f0xx_hal_msp_template.o ABSOLUTE
    ..\Drivers\STM32F0xx_HAL_Driver\Src\stm32f0xx_hal_pcd.c 0x00000000   Number         0  stm32f0xx_hal_pcd.o ABSOLUTE
    ..\Drivers\STM32F0xx_HAL_Driver\Src\stm32f0xx_hal_pcd_ex.c 0x00000000   Number         0  stm32f0xx_hal_pcd_ex.o ABSOLUTE
    ..\Drivers\STM32F0xx_HAL_Driver\Src\stm32f0xx_hal_pwr.c 0x00000000   Number         0  stm32f0xx_hal_pwr.o ABSOLUTE
    ..\Drivers\STM32F0xx_HAL_Driver\Src\stm32f0xx_hal_pwr_ex.c 0x00000000   Number         0  stm32f0xx_hal_pwr_ex.o ABSOLUTE
    ..\Drivers\STM32F0xx_HAL_Driver\Src\stm32f0xx_hal_rcc.c 0x00000000   Number         0  stm32f0xx_hal_rcc.o ABSOLUTE
    ..\Drivers\STM32F0xx_HAL_Driver\Src\stm32f0xx_hal_rcc_ex.c 0x00000000   Number         0  stm32f0xx_hal_rcc_ex.o ABSOLUTE
    ..\Drivers\STM32F0xx_HAL_Driver\Src\stm32f0xx_hal_rtc.c 0x00000000   Number         0  stm32f0xx_hal_rtc.o ABSOLUTE
    ..\Drivers\STM32F0xx_HAL_Driver\Src\stm32f0xx_hal_rtc_ex.c 0x00000000   Number         0  stm32f0xx_hal_rtc_ex.o ABSOLUTE
    ..\Drivers\STM32F0xx_HAL_Driver\Src\stm32f0xx_hal_smartcard.c 0x00000000   Number         0  stm32f0xx_hal_smartcard.o ABSOLUTE
    ..\Drivers\STM32F0xx_HAL_Driver\Src\stm32f0xx_hal_smartcard_ex.c 0x00000000   Number         0  stm32f0xx_hal_smartcard_ex.o ABSOLUTE
    ..\Drivers\STM32F0xx_HAL_Driver\Src\stm32f0xx_hal_smbus.c 0x00000000   Number         0  stm32f0xx_hal_smbus.o ABSOLUTE
    ..\Drivers\STM32F0xx_HAL_Driver\Src\stm32f0xx_hal_spi.c 0x00000000   Number         0  stm32f0xx_hal_spi.o ABSOLUTE
    ..\Drivers\STM32F0xx_HAL_Driver\Src\stm32f0xx_hal_spi_ex.c 0x00000000   Number         0  stm32f0xx_hal_spi_ex.o ABSOLUTE
    ..\Drivers\STM32F0xx_HAL_Driver\Src\stm32f0xx_hal_tim.c 0x00000000   Number         0  stm32f0xx_hal_tim.o ABSOLUTE
    ..\Drivers\STM32F0xx_HAL_Driver\Src\stm32f0xx_hal_tim_ex.c 0x00000000   Number         0  stm32f0xx_hal_tim_ex.o ABSOLUTE
    ..\Drivers\STM32F0xx_HAL_Driver\Src\stm32f0xx_hal_tsc.c 0x00000000   Number         0  stm32f0xx_hal_tsc.o ABSOLUTE
    ..\Drivers\STM32F0xx_HAL_Driver\Src\stm32f0xx_hal_uart.c 0x00000000   Number         0  stm32f0xx_hal_uart.o ABSOLUTE
    ..\Drivers\STM32F0xx_HAL_Driver\Src\stm32f0xx_hal_uart_ex.c 0x00000000   Number         0  stm32f0xx_hal_uart_ex.o ABSOLUTE
    ..\Drivers\STM32F0xx_HAL_Driver\Src\stm32f0xx_hal_usart.c 0x00000000   Number         0  stm32f0xx_hal_usart.o ABSOLUTE
    ..\Drivers\STM32F0xx_HAL_Driver\Src\stm32f0xx_hal_wwdg.c 0x00000000   Number         0  stm32f0xx_hal_wwdg.o ABSOLUTE
    ..\Main\Init\src\app_mcu_utils.c         0x00000000   Number         0  app_mcu_utils.o ABSOLUTE
    ..\Main\Init\src\main.c                  0x00000000   Number         0  main.o ABSOLUTE
    ..\Main\Init\src\stm32f0xx_it.c          0x00000000   Number         0  stm32f0xx_it.o ABSOLUTE
    ..\Main\Init\src\sys_scheduler.c         0x00000000   Number         0  sys_scheduler.o ABSOLUTE
    ..\Main\Init\src\system_init.c           0x00000000   Number         0  system_init.o ABSOLUTE
    ..\Main\Usb\src\usb_device.c             0x00000000   Number         0  usb_device.o ABSOLUTE
    ..\Main\Usb\src\usb_dfu.c                0x00000000   Number         0  usb_dfu.o ABSOLUTE
    ..\Main\Usb\src\usbd_conf.c              0x00000000   Number         0  usbd_conf.o ABSOLUTE
    ..\Main\Usb\src\usbd_custom_hid_if.c     0x00000000   Number         0  usbd_custom_hid_if.o ABSOLUTE
    ..\Main\Usb\src\usbd_desc.c              0x00000000   Number         0  usbd_desc.o ABSOLUTE
    ..\Middlewares\ST\STM32_USB_Device_Library\Class\CustomHID\Src\usbd_customhid.c 0x00000000   Number         0  usbd_customhid.o ABSOLUTE
    ..\Middlewares\ST\STM32_USB_Device_Library\Core\Src\usbd_core.c 0x00000000   Number         0  usbd_core.o ABSOLUTE
    ..\Middlewares\ST\STM32_USB_Device_Library\Core\Src\usbd_ctlreq.c 0x00000000   Number         0  usbd_ctlreq.o ABSOLUTE
    ..\Middlewares\ST\STM32_USB_Device_Library\Core\Src\usbd_ioreq.c 0x00000000   Number         0  usbd_ioreq.o ABSOLUTE
    ..\\Drivers\\CMSIS\\Device\\ST\\STM32F0xx\\Source\\Templates\\system_stm32f0xx.c 0x00000000   Number         0  system_stm32f0xx.o ABSOLUTE
    ..\\Drivers\\STM32F0xx_HAL_Driver\\Src\\stm32f0xx_hal.c 0x00000000   Number         0  stm32f0xx_hal.o ABSOLUTE
    ..\\Drivers\\STM32F0xx_HAL_Driver\\Src\\stm32f0xx_hal_adc.c 0x00000000   Number         0  stm32f0xx_hal_adc.o ABSOLUTE
    ..\\Drivers\\STM32F0xx_HAL_Driver\\Src\\stm32f0xx_hal_adc_ex.c 0x00000000   Number         0  stm32f0xx_hal_adc_ex.o ABSOLUTE
    ..\\Drivers\\STM32F0xx_HAL_Driver\\Src\\stm32f0xx_hal_can.c 0x00000000   Number         0  stm32f0xx_hal_can.o ABSOLUTE
    ..\\Drivers\\STM32F0xx_HAL_Driver\\Src\\stm32f0xx_hal_cec.c 0x00000000   Number         0  stm32f0xx_hal_cec.o ABSOLUTE
    ..\\Drivers\\STM32F0xx_HAL_Driver\\Src\\stm32f0xx_hal_comp.c 0x00000000   Number         0  stm32f0xx_hal_comp.o ABSOLUTE
    ..\\Drivers\\STM32F0xx_HAL_Driver\\Src\\stm32f0xx_hal_cortex.c 0x00000000   Number         0  stm32f0xx_hal_cortex.o ABSOLUTE
    ..\\Drivers\\STM32F0xx_HAL_Driver\\Src\\stm32f0xx_hal_crc.c 0x00000000   Number         0  stm32f0xx_hal_crc.o ABSOLUTE
    ..\\Drivers\\STM32F0xx_HAL_Driver\\Src\\stm32f0xx_hal_crc_ex.c 0x00000000   Number         0  stm32f0xx_hal_crc_ex.o ABSOLUTE
    ..\\Drivers\\STM32F0xx_HAL_Driver\\Src\\stm32f0xx_hal_dac.c 0x00000000   Number         0  stm32f0xx_hal_dac.o ABSOLUTE
    ..\\Drivers\\STM32F0xx_HAL_Driver\\Src\\stm32f0xx_hal_dac_ex.c 0x00000000   Number         0  stm32f0xx_hal_dac_ex.o ABSOLUTE
    ..\\Drivers\\STM32F0xx_HAL_Driver\\Src\\stm32f0xx_hal_dma.c 0x00000000   Number         0  stm32f0xx_hal_dma.o ABSOLUTE
    ..\\Drivers\\STM32F0xx_HAL_Driver\\Src\\stm32f0xx_hal_flash.c 0x00000000   Number         0  stm32f0xx_hal_flash.o ABSOLUTE
    ..\\Drivers\\STM32F0xx_HAL_Driver\\Src\\stm32f0xx_hal_flash_ex.c 0x00000000   Number         0  stm32f0xx_hal_flash_ex.o ABSOLUTE
    ..\\Drivers\\STM32F0xx_HAL_Driver\\Src\\stm32f0xx_hal_gpio.c 0x00000000   Number         0  stm32f0xx_hal_gpio.o ABSOLUTE
    ..\\Drivers\\STM32F0xx_HAL_Driver\\Src\\stm32f0xx_hal_i2c.c 0x00000000   Number         0  stm32f0xx_hal_i2c.o ABSOLUTE
    ..\\Drivers\\STM32F0xx_HAL_Driver\\Src\\stm32f0xx_hal_i2c_ex.c 0x00000000   Number         0  stm32f0xx_hal_i2c_ex.o ABSOLUTE
    ..\\Drivers\\STM32F0xx_HAL_Driver\\Src\\stm32f0xx_hal_i2s.c 0x00000000   Number         0  stm32f0xx_hal_i2s.o ABSOLUTE
    ..\\Drivers\\STM32F0xx_HAL_Driver\\Src\\stm32f0xx_hal_irda.c 0x00000000   Number         0  stm32f0xx_hal_irda.o ABSOLUTE
    ..\\Drivers\\STM32F0xx_HAL_Driver\\Src\\stm32f0xx_hal_iwdg.c 0x00000000   Number         0  stm32f0xx_hal_iwdg.o ABSOLUTE
    ..\\Drivers\\STM32F0xx_HAL_Driver\\Src\\stm32f0xx_hal_msp_template.c 0x00000000   Number         0  stm32f0xx_hal_msp_template.o ABSOLUTE
    ..\\Drivers\\STM32F0xx_HAL_Driver\\Src\\stm32f0xx_hal_pcd.c 0x00000000   Number         0  stm32f0xx_hal_pcd.o ABSOLUTE
    ..\\Drivers\\STM32F0xx_HAL_Driver\\Src\\stm32f0xx_hal_pcd_ex.c 0x00000000   Number         0  stm32f0xx_hal_pcd_ex.o ABSOLUTE
    ..\\Drivers\\STM32F0xx_HAL_Driver\\Src\\stm32f0xx_hal_pwr.c 0x00000000   Number         0  stm32f0xx_hal_pwr.o ABSOLUTE
    ..\\Drivers\\STM32F0xx_HAL_Driver\\Src\\stm32f0xx_hal_pwr_ex.c 0x00000000   Number         0  stm32f0xx_hal_pwr_ex.o ABSOLUTE
    ..\\Drivers\\STM32F0xx_HAL_Driver\\Src\\stm32f0xx_hal_rcc.c 0x00000000   Number         0  stm32f0xx_hal_rcc.o ABSOLUTE
    ..\\Drivers\\STM32F0xx_HAL_Driver\\Src\\stm32f0xx_hal_rcc_ex.c 0x00000000   Number         0  stm32f0xx_hal_rcc_ex.o ABSOLUTE
    ..\\Drivers\\STM32F0xx_HAL_Driver\\Src\\stm32f0xx_hal_rtc.c 0x00000000   Number         0  stm32f0xx_hal_rtc.o ABSOLUTE
    ..\\Drivers\\STM32F0xx_HAL_Driver\\Src\\stm32f0xx_hal_rtc_ex.c 0x00000000   Number         0  stm32f0xx_hal_rtc_ex.o ABSOLUTE
    ..\\Drivers\\STM32F0xx_HAL_Driver\\Src\\stm32f0xx_hal_smartcard.c 0x00000000   Number         0  stm32f0xx_hal_smartcard.o ABSOLUTE
    ..\\Drivers\\STM32F0xx_HAL_Driver\\Src\\stm32f0xx_hal_smartcard_ex.c 0x00000000   Number         0  stm32f0xx_hal_smartcard_ex.o ABSOLUTE
    ..\\Drivers\\STM32F0xx_HAL_Driver\\Src\\stm32f0xx_hal_smbus.c 0x00000000   Number         0  stm32f0xx_hal_smbus.o ABSOLUTE
    ..\\Drivers\\STM32F0xx_HAL_Driver\\Src\\stm32f0xx_hal_spi.c 0x00000000   Number         0  stm32f0xx_hal_spi.o ABSOLUTE
    ..\\Drivers\\STM32F0xx_HAL_Driver\\Src\\stm32f0xx_hal_spi_ex.c 0x00000000   Number         0  stm32f0xx_hal_spi_ex.o ABSOLUTE
    ..\\Drivers\\STM32F0xx_HAL_Driver\\Src\\stm32f0xx_hal_tim.c 0x00000000   Number         0  stm32f0xx_hal_tim.o ABSOLUTE
    ..\\Drivers\\STM32F0xx_HAL_Driver\\Src\\stm32f0xx_hal_tim_ex.c 0x00000000   Number         0  stm32f0xx_hal_tim_ex.o ABSOLUTE
    ..\\Drivers\\STM32F0xx_HAL_Driver\\Src\\stm32f0xx_hal_tsc.c 0x00000000   Number         0  stm32f0xx_hal_tsc.o ABSOLUTE
    ..\\Drivers\\STM32F0xx_HAL_Driver\\Src\\stm32f0xx_hal_uart.c 0x00000000   Number         0  stm32f0xx_hal_uart.o ABSOLUTE
    ..\\Drivers\\STM32F0xx_HAL_Driver\\Src\\stm32f0xx_hal_uart_ex.c 0x00000000   Number         0  stm32f0xx_hal_uart_ex.o ABSOLUTE
    ..\\Drivers\\STM32F0xx_HAL_Driver\\Src\\stm32f0xx_hal_usart.c 0x00000000   Number         0  stm32f0xx_hal_usart.o ABSOLUTE
    ..\\Drivers\\STM32F0xx_HAL_Driver\\Src\\stm32f0xx_hal_wwdg.c 0x00000000   Number         0  stm32f0xx_hal_wwdg.o ABSOLUTE
    ..\\Main\\Init\\src\\main.c              0x00000000   Number         0  main.o ABSOLUTE
    ..\\Main\\Init\\src\\stm32f0xx_it.c      0x00000000   Number         0  stm32f0xx_it.o ABSOLUTE
    ..\\Main\\Init\\src\\sys_scheduler.c     0x00000000   Number         0  sys_scheduler.o ABSOLUTE
    ..\\Main\\Init\\src\\system_init.c       0x00000000   Number         0  system_init.o ABSOLUTE
    ..\\Main\\Usb\\src\\usb_device.c         0x00000000   Number         0  usb_device.o ABSOLUTE
    ..\\Main\\Usb\\src\\usb_dfu.c            0x00000000   Number         0  usb_dfu.o ABSOLUTE
    ..\\Main\\Usb\\src\\usbd_conf.c          0x00000000   Number         0  usbd_conf.o ABSOLUTE
    ..\\Main\\Usb\\src\\usbd_custom_hid_if.c 0x00000000   Number         0  usbd_custom_hid_if.o ABSOLUTE
    ..\\Main\\Usb\\src\\usbd_desc.c          0x00000000   Number         0  usbd_desc.o ABSOLUTE
    ..\\Middlewares\\ST\\STM32_USB_Device_Library\\Class\\CustomHID\\Src\\usbd_customhid.c 0x00000000   Number         0  usbd_customhid.o ABSOLUTE
    ..\\Middlewares\\ST\\STM32_USB_Device_Library\\Core\\Src\\usbd_core.c 0x00000000   Number         0  usbd_core.o ABSOLUTE
    ..\\Middlewares\\ST\\STM32_USB_Device_Library\\Core\\Src\\usbd_ctlreq.c 0x00000000   Number         0  usbd_ctlreq.o ABSOLUTE
    ..\\Middlewares\\ST\\STM32_USB_Device_Library\\Core\\Src\\usbd_ioreq.c 0x00000000   Number         0  usbd_ioreq.o ABSOLUTE
    dc.s                                     0x00000000   Number         0  dc.o ABSOLUTE
    handlers.s                               0x00000000   Number         0  handlers.o ABSOLUTE
    init.s                                   0x00000000   Number         0  init.o ABSOLUTE
    RESET                                    0x08000000   Section      192  startup_stm32f072xb.o(RESET)
    .ARM.Collect$$$$00000000                 0x080000c0   Section        0  entry.o(.ARM.Collect$$$$00000000)
    .ARM.Collect$$$$00000001                 0x080000c0   Section        4  entry2.o(.ARM.Collect$$$$00000001)
    .ARM.Collect$$$$00000004                 0x080000c4   Section        4  entry5.o(.ARM.Collect$$$$00000004)
    .ARM.Collect$$$$00000008                 0x080000c8   Section        0  entry7b.o(.ARM.Collect$$$$00000008)
    .ARM.Collect$$$$0000000A                 0x080000c8   Section        0  entry8b.o(.ARM.Collect$$$$0000000A)
    .ARM.Collect$$$$0000000B                 0x080000c8   Section        8  entry9a.o(.ARM.Collect$$$$0000000B)
    .ARM.Collect$$$$0000000D                 0x080000d0   Section        0  entry10a.o(.ARM.Collect$$$$0000000D)
    .ARM.Collect$$$$0000000F                 0x080000d0   Section        0  entry11a.o(.ARM.Collect$$$$0000000F)
    .ARM.Collect$$$$00002712                 0x080000d0   Section        4  entry2.o(.ARM.Collect$$$$00002712)
    __lit__00000000                          0x080000d0   Data           4  entry2.o(.ARM.Collect$$$$00002712)
    .text                                    0x080000d4   Section       28  startup_stm32f072xb.o(.text)
    .text                                    0x080000f0   Section        0  uidiv.o(.text)
    .text                                    0x0800011c   Section       36  init.o(.text)
    i.DMA1_Channel1_IRQHandler               0x08000140   Section        0  stm32f0xx_it.o(i.DMA1_Channel1_IRQHandler)
    i.General_GPIO_Init                      0x08000144   Section        0  system_init.o(i.General_GPIO_Init)
    i.HAL_GPIO_Init                          0x08000190   Section        0  stm32f0xx_hal_gpio.o(i.HAL_GPIO_Init)
    i.HAL_GPIO_WritePin                      0x0800038c   Section        0  stm32f0xx_hal_gpio.o(i.HAL_GPIO_WritePin)
    i.HAL_GetTick                            0x08000398   Section        0  stm32f0xx_hal.o(i.HAL_GetTick)
    i.HAL_IncTick                            0x080003a4   Section        0  stm32f0xx_hal.o(i.HAL_IncTick)
    i.HAL_NVIC_EnableIRQ                     0x080003b4   Section        0  stm32f0xx_hal_cortex.o(i.HAL_NVIC_EnableIRQ)
    i.HAL_NVIC_SetPriority                   0x080003cc   Section        0  stm32f0xx_hal_cortex.o(i.HAL_NVIC_SetPriority)
    i.HAL_RCC_ClockConfig                    0x080003e0   Section        0  stm32f0xx_hal_rcc.o(i.HAL_RCC_ClockConfig)
    i.HAL_RCC_OscConfig                      0x080006a4   Section        0  stm32f0xx_hal_rcc.o(i.HAL_RCC_OscConfig)
    i.HAL_TIMEx_BreakCallback                0x08000d00   Section        0  stm32f0xx_hal_tim_ex.o(i.HAL_TIMEx_BreakCallback)
    i.HAL_TIMEx_CommutationCallback          0x08000d02   Section        0  stm32f0xx_hal_tim_ex.o(i.HAL_TIMEx_CommutationCallback)
    i.HAL_TIM_Base_Init                      0x08000d04   Section        0  stm32f0xx_hal_tim.o(i.HAL_TIM_Base_Init)
    i.HAL_TIM_Base_MspInit                   0x08000d3c   Section        0  stm32f0xx_hal_tim.o(i.HAL_TIM_Base_MspInit)
    i.HAL_TIM_Base_Start_IT                  0x08000d74   Section        0  stm32f0xx_hal_tim.o(i.HAL_TIM_Base_Start_IT)
    i.HAL_TIM_IC_CaptureCallback             0x08000d92   Section        0  stm32f0xx_hal_tim.o(i.HAL_TIM_IC_CaptureCallback)
    i.HAL_TIM_IRQHandler                     0x08000d94   Section        0  stm32f0xx_hal_tim.o(i.HAL_TIM_IRQHandler)
    i.HAL_TIM_OC_DelayElapsedCallback        0x08000f5c   Section        0  stm32f0xx_hal_tim.o(i.HAL_TIM_OC_DelayElapsedCallback)
    i.HAL_TIM_PWM_PulseFinishedCallback      0x08000f5e   Section        0  stm32f0xx_hal_tim.o(i.HAL_TIM_PWM_PulseFinishedCallback)
    i.HAL_TIM_PeriodElapsedCallback          0x08000f60   Section        0  stm32f0xx_hal_tim.o(i.HAL_TIM_PeriodElapsedCallback)
    i.HAL_TIM_TriggerCallback                0x08000f62   Section        0  stm32f0xx_hal_tim.o(i.HAL_TIM_TriggerCallback)
    i.HardFault_Handler                      0x08000f64   Section        0  stm32f0xx_it.o(i.HardFault_Handler)
    i.NMI_Handler                            0x08000f68   Section        0  stm32f0xx_it.o(i.NMI_Handler)
    i.NVIC_SetPriority                       0x08000f6c   Section        0  stm32f0xx_hal_cortex.o(i.NVIC_SetPriority)
    NVIC_SetPriority                         0x08000f6d   Thumb Code   110  stm32f0xx_hal_cortex.o(i.NVIC_SetPriority)
    i.PendSV_Handler                         0x08000fe4   Section        0  stm32f0xx_it.o(i.PendSV_Handler)
    i.SVC_Handler                            0x08000fe6   Section        0  stm32f0xx_it.o(i.SVC_Handler)
    i.SysTick_Handler                        0x08000fe8   Section        0  stm32f0xx_it.o(i.SysTick_Handler)
    i.SystemClock_Config                     0x08000ff0   Section        0  system_init.o(i.SystemClock_Config)
    i.SystemInit                             0x0800103c   Section        0  system_stm32f0xx.o(i.SystemInit)
    i.TIM2_Init                              0x080010b4   Section        0  system_init.o(i.TIM2_Init)
    i.TIM3_IRQHandler                        0x08001118   Section        0  stm32f0xx_it.o(i.TIM3_IRQHandler)
    i.TIM_Base_SetConfig                     0x08001134   Section        0  stm32f0xx_hal_tim.o(i.TIM_Base_SetConfig)
    i.Task_Toggle_PIN_2                      0x080011d8   Section        0  system_init.o(i.Task_Toggle_PIN_2)
    i.Task_Toggle_PIN_3                      0x080011f4   Section        0  system_init.o(i.Task_Toggle_PIN_3)
    i.Task_Toggle_PIN_4                      0x08001210   Section        0  system_init.o(i.Task_Toggle_PIN_4)
    i.Task_Toggle_PIN_5                      0x0800122c   Section        0  system_init.o(i.Task_Toggle_PIN_5)
    i.Task_Toggle_PIN_6                      0x08001248   Section        0  system_init.o(i.Task_Toggle_PIN_6)
    i.Task_Toggle_PIN_7                      0x08001264   Section        0  system_init.o(i.Task_Toggle_PIN_7)
    i.Task_Toggle_PIN_8                      0x08001280   Section        0  system_init.o(i.Task_Toggle_PIN_8)
    i.Task_Toggle_PIN_9                      0x080012a0   Section        0  system_init.o(i.Task_Toggle_PIN_9)
    i.USART1_IRQHandler                      0x080012c0   Section        0  stm32f0xx_it.o(i.USART1_IRQHandler)
    i.__scatterload_copy                     0x080012c2   Section       14  handlers.o(i.__scatterload_copy)
    i.__scatterload_null                     0x080012d0   Section        2  handlers.o(i.__scatterload_null)
    i.__scatterload_zeroinit                 0x080012d2   Section       14  handlers.o(i.__scatterload_zeroinit)
    i.app_scheduler_init                     0x080012e0   Section        0  sys_scheduler.o(i.app_scheduler_init)
    i.app_scheduler_run                      0x08001300   Section        0  sys_scheduler.o(i.app_scheduler_run)
    i.main                                   0x08001364   Section        0  main.o(i.main)
    .constdata                               0x08001374   Section      129  sys_scheduler.o(.constdata)
    .data                                    0x20000000   Section        2  sys_scheduler.o(.data)
    SbtTickCounterCurr_                      0x20000001   Data           1  sys_scheduler.o(.data)
    .data                                    0x20000004   Section        4  system_init.o(.data)
    .data                                    0x20000008   Section       20  system_stm32f0xx.o(.data)
    .data                                    0x2000001c   Section        4  stm32f0xx_hal.o(.data)
    uwTick                                   0x2000001c   Data           4  stm32f0xx_hal.o(.data)
    .bss                                     0x20000020   Section       60  system_init.o(.bss)
    STACK                                    0x20000060   Section     1024  startup_stm32f072xb.o(STACK)

    Global Symbols

    Symbol Name                              Value     Ov Type        Size  Object(Section)

    BuildAttributes$$THM_ISAv3M$S$PE$A:L22$X:L11$S22$IEEE1$IW$USESV6$~STKCKD$USESV7$~SHL$OSPACE$EBA8$MICROLIB$REQ8$PRES8$EABIv2 0x00000000   Number         0  anon$$obj.o ABSOLUTE
    __ARM_use_no_argv                        0x00000000   Number         0  main.o ABSOLUTE
    __cpp_initialize__aeabi_                  - Undefined Weak Reference
    __cxa_finalize                            - Undefined Weak Reference
    __decompress                              - Undefined Weak Reference
    _clock_init                               - Undefined Weak Reference
    _microlib_exit                            - Undefined Weak Reference
    __Vectors_Size                           0x000000c0   Number         0  startup_stm32f072xb.o ABSOLUTE
    __Vectors                                0x08000000   Data           4  startup_stm32f072xb.o(RESET)
    __Vectors_End                            0x080000c0   Data           0  startup_stm32f072xb.o(RESET)
    __main                                   0x080000c1   Thumb Code     0  entry.o(.ARM.Collect$$$$00000000)
    _main_stk                                0x080000c1   Thumb Code     0  entry2.o(.ARM.Collect$$$$00000001)
    _main_scatterload                        0x080000c5   Thumb Code     0  entry5.o(.ARM.Collect$$$$00000004)
    __main_after_scatterload                 0x080000c9   Thumb Code     0  entry5.o(.ARM.Collect$$$$00000004)
    _main_clock                              0x080000c9   Thumb Code     0  entry7b.o(.ARM.Collect$$$$00000008)
    _main_cpp_init                           0x080000c9   Thumb Code     0  entry8b.o(.ARM.Collect$$$$0000000A)
    _main_init                               0x080000c9   Thumb Code     0  entry9a.o(.ARM.Collect$$$$0000000B)
    __rt_final_cpp                           0x080000d1   Thumb Code     0  entry10a.o(.ARM.Collect$$$$0000000D)
    __rt_final_exit                          0x080000d1   Thumb Code     0  entry11a.o(.ARM.Collect$$$$0000000F)
    Reset_Handler                            0x080000d5   Thumb Code     8  startup_stm32f072xb.o(.text)
    ADC1_COMP_IRQHandler                     0x080000e7   Thumb Code     0  startup_stm32f072xb.o(.text)
    CEC_CAN_IRQHandler                       0x080000e7   Thumb Code     0  startup_stm32f072xb.o(.text)
    DMA1_Channel2_3_IRQHandler               0x080000e7   Thumb Code     0  startup_stm32f072xb.o(.text)
    DMA1_Channel4_5_6_7_IRQHandler           0x080000e7   Thumb Code     0  startup_stm32f072xb.o(.text)
    EXTI0_1_IRQHandler                       0x080000e7   Thumb Code     0  startup_stm32f072xb.o(.text)
    EXTI2_3_IRQHandler                       0x080000e7   Thumb Code     0  startup_stm32f072xb.o(.text)
    EXTI4_15_IRQHandler                      0x080000e7   Thumb Code     0  startup_stm32f072xb.o(.text)
    FLASH_IRQHandler                         0x080000e7   Thumb Code     0  startup_stm32f072xb.o(.text)
    I2C1_IRQHandler                          0x080000e7   Thumb Code     0  startup_stm32f072xb.o(.text)
    I2C2_IRQHandler                          0x080000e7   Thumb Code     0  startup_stm32f072xb.o(.text)
    PVD_VDDIO2_IRQHandler                    0x080000e7   Thumb Code     0  startup_stm32f072xb.o(.text)
    RCC_CRS_IRQHandler                       0x080000e7   Thumb Code     0  startup_stm32f072xb.o(.text)
    RTC_IRQHandler                           0x080000e7   Thumb Code     0  startup_stm32f072xb.o(.text)
    SPI1_IRQHandler                          0x080000e7   Thumb Code     0  startup_stm32f072xb.o(.text)
    SPI2_IRQHandler                          0x080000e7   Thumb Code     0  startup_stm32f072xb.o(.text)
    TIM14_IRQHandler                         0x080000e7   Thumb Code     0  startup_stm32f072xb.o(.text)
    TIM15_IRQHandler                         0x080000e7   Thumb Code     0  startup_stm32f072xb.o(.text)
    TIM16_IRQHandler                         0x080000e7   Thumb Code     0  startup_stm32f072xb.o(.text)
    TIM17_IRQHandler                         0x080000e7   Thumb Code     0  startup_stm32f072xb.o(.text)
    TIM1_BRK_UP_TRG_COM_IRQHandler           0x080000e7   Thumb Code     0  startup_stm32f072xb.o(.text)
    TIM1_CC_IRQHandler                       0x080000e7   Thumb Code     0  startup_stm32f072xb.o(.text)
    TIM2_IRQHandler                          0x080000e7   Thumb Code     0  startup_stm32f072xb.o(.text)
    TIM6_DAC_IRQHandler                      0x080000e7   Thumb Code     0  startup_stm32f072xb.o(.text)
    TIM7_IRQHandler                          0x080000e7   Thumb Code     0  startup_stm32f072xb.o(.text)
    TSC_IRQHandler                           0x080000e7   Thumb Code     0  startup_stm32f072xb.o(.text)
    USART2_IRQHandler                        0x080000e7   Thumb Code     0  startup_stm32f072xb.o(.text)
    USART3_4_IRQHandler                      0x080000e7   Thumb Code     0  startup_stm32f072xb.o(.text)
    USB_IRQHandler                           0x080000e7   Thumb Code     0  startup_stm32f072xb.o(.text)
    WWDG_IRQHandler                          0x080000e7   Thumb Code     0  startup_stm32f072xb.o(.text)
    __aeabi_uidiv                            0x080000f1   Thumb Code     0  uidiv.o(.text)
    __aeabi_uidivmod                         0x080000f1   Thumb Code    44  uidiv.o(.text)
    __scatterload                            0x0800011d   Thumb Code    28  init.o(.text)
    __scatterload_rt2                        0x0800011d   Thumb Code     0  init.o(.text)
    DMA1_Channel1_IRQHandler                 0x08000141   Thumb Code     2  stm32f0xx_it.o(i.DMA1_Channel1_IRQHandler)
    General_GPIO_Init                        0x08000145   Thumb Code    66  system_init.o(i.General_GPIO_Init)
    HAL_GPIO_Init                            0x08000191   Thumb Code   480  stm32f0xx_hal_gpio.o(i.HAL_GPIO_Init)
    HAL_GPIO_WritePin                        0x0800038d   Thumb Code    12  stm32f0xx_hal_gpio.o(i.HAL_GPIO_WritePin)
    HAL_GetTick                              0x08000399   Thumb Code     6  stm32f0xx_hal.o(i.HAL_GetTick)
    HAL_IncTick                              0x080003a5   Thumb Code    12  stm32f0xx_hal.o(i.HAL_IncTick)
    HAL_NVIC_EnableIRQ                       0x080003b5   Thumb Code    18  stm32f0xx_hal_cortex.o(i.HAL_NVIC_EnableIRQ)
    HAL_NVIC_SetPriority                     0x080003cd   Thumb Code    18  stm32f0xx_hal_cortex.o(i.HAL_NVIC_SetPriority)
    HAL_RCC_ClockConfig                      0x080003e1   Thumb Code   696  stm32f0xx_hal_rcc.o(i.HAL_RCC_ClockConfig)
    HAL_RCC_OscConfig                        0x080006a5   Thumb Code  1622  stm32f0xx_hal_rcc.o(i.HAL_RCC_OscConfig)
    HAL_TIMEx_BreakCallback                  0x08000d01   Thumb Code     2  stm32f0xx_hal_tim_ex.o(i.HAL_TIMEx_BreakCallback)
    HAL_TIMEx_CommutationCallback            0x08000d03   Thumb Code     2  stm32f0xx_hal_tim_ex.o(i.HAL_TIMEx_CommutationCallback)
    HAL_TIM_Base_Init                        0x08000d05   Thumb Code    56  stm32f0xx_hal_tim.o(i.HAL_TIM_Base_Init)
    HAL_TIM_Base_MspInit                     0x08000d3d   Thumb Code    50  stm32f0xx_hal_tim.o(i.HAL_TIM_Base_MspInit)
    HAL_TIM_Base_Start_IT                    0x08000d75   Thumb Code    30  stm32f0xx_hal_tim.o(i.HAL_TIM_Base_Start_IT)
    HAL_TIM_IC_CaptureCallback               0x08000d93   Thumb Code     2  stm32f0xx_hal_tim.o(i.HAL_TIM_IC_CaptureCallback)
    HAL_TIM_IRQHandler                       0x08000d95   Thumb Code   456  stm32f0xx_hal_tim.o(i.HAL_TIM_IRQHandler)
    HAL_TIM_OC_DelayElapsedCallback          0x08000f5d   Thumb Code     2  stm32f0xx_hal_tim.o(i.HAL_TIM_OC_DelayElapsedCallback)
    HAL_TIM_PWM_PulseFinishedCallback        0x08000f5f   Thumb Code     2  stm32f0xx_hal_tim.o(i.HAL_TIM_PWM_PulseFinishedCallback)
    HAL_TIM_PeriodElapsedCallback            0x08000f61   Thumb Code     2  stm32f0xx_hal_tim.o(i.HAL_TIM_PeriodElapsedCallback)
    HAL_TIM_TriggerCallback                  0x08000f63   Thumb Code     2  stm32f0xx_hal_tim.o(i.HAL_TIM_TriggerCallback)
    HardFault_Handler                        0x08000f65   Thumb Code     4  stm32f0xx_it.o(i.HardFault_Handler)
    NMI_Handler                              0x08000f69   Thumb Code     2  stm32f0xx_it.o(i.NMI_Handler)
    PendSV_Handler                           0x08000fe5   Thumb Code     2  stm32f0xx_it.o(i.PendSV_Handler)
    SVC_Handler                              0x08000fe7   Thumb Code     2  stm32f0xx_it.o(i.SVC_Handler)
    SysTick_Handler                          0x08000fe9   Thumb Code     8  stm32f0xx_it.o(i.SysTick_Handler)
    SystemClock_Config                       0x08000ff1   Thumb Code    74  system_init.o(i.SystemClock_Config)
    SystemInit                               0x0800103d   Thumb Code   102  system_stm32f0xx.o(i.SystemInit)
    TIM2_Init                                0x080010b5   Thumb Code    76  system_init.o(i.TIM2_Init)
    TIM3_IRQHandler                          0x08001119   Thumb Code    20  stm32f0xx_it.o(i.TIM3_IRQHandler)
    TIM_Base_SetConfig                       0x08001135   Thumb Code   140  stm32f0xx_hal_tim.o(i.TIM_Base_SetConfig)
    Task_Toggle_PIN_2                        0x080011d9   Thumb Code    24  system_init.o(i.Task_Toggle_PIN_2)
    Task_Toggle_PIN_3                        0x080011f5   Thumb Code    24  system_init.o(i.Task_Toggle_PIN_3)
    Task_Toggle_PIN_4                        0x08001211   Thumb Code    24  system_init.o(i.Task_Toggle_PIN_4)
    Task_Toggle_PIN_5                        0x0800122d   Thumb Code    24  system_init.o(i.Task_Toggle_PIN_5)
    Task_Toggle_PIN_6                        0x08001249   Thumb Code    24  system_init.o(i.Task_Toggle_PIN_6)
    Task_Toggle_PIN_7                        0x08001265   Thumb Code    24  system_init.o(i.Task_Toggle_PIN_7)
    Task_Toggle_PIN_8                        0x08001281   Thumb Code    26  system_init.o(i.Task_Toggle_PIN_8)
    Task_Toggle_PIN_9                        0x080012a1   Thumb Code    26  system_init.o(i.Task_Toggle_PIN_9)
    USART1_IRQHandler                        0x080012c1   Thumb Code     2  stm32f0xx_it.o(i.USART1_IRQHandler)
    __scatterload_copy                       0x080012c3   Thumb Code    14  handlers.o(i.__scatterload_copy)
    __scatterload_null                       0x080012d1   Thumb Code     2  handlers.o(i.__scatterload_null)
    __scatterload_zeroinit                   0x080012d3   Thumb Code    14  handlers.o(i.__scatterload_zeroinit)
    app_scheduler_init                       0x080012e1   Thumb Code    28  sys_scheduler.o(i.app_scheduler_init)
    app_scheduler_run                        0x08001301   Thumb Code    84  sys_scheduler.o(i.app_scheduler_run)
    main                                     0x08001365   Thumb Code    14  main.o(i.main)
    SYS_InitPrivMode_                        0x08001374   Data          16  sys_scheduler.o(.constdata)
    SYS_TaskMode_12_5_ms_                    0x08001384   Data           8  sys_scheduler.o(.constdata)
    SYS_TaskMode_25_ms_                      0x0800138c   Data          12  sys_scheduler.o(.constdata)
    SYS_TaskMode_50_ms_                      0x08001398   Data           8  sys_scheduler.o(.constdata)
    SYS_TaskMode_100_ms_                     0x080013a0   Data           8  sys_scheduler.o(.constdata)
    SYS_TaskMode_200_ms_                     0x080013a8   Data           8  sys_scheduler.o(.constdata)
    SYS_TaskMode_400_ms_                     0x080013b0   Data           8  sys_scheduler.o(.constdata)
    SYS_TaskMode_800_ms_                     0x080013b8   Data           8  sys_scheduler.o(.constdata)
    SYS_TaskMode_1600_ms_                    0x080013c0   Data           4  sys_scheduler.o(.constdata)
    SYS_TaskMode_1600B_ms_                   0x080013c4   Data           4  sys_scheduler.o(.constdata)
    CapfTasksTable                           0x080013c8   Data          36  sys_scheduler.o(.constdata)
    CabtTasksTableSize                       0x080013ec   Data           9  sys_scheduler.o(.constdata)
    Region$$Table$$Base                      0x080013f8   Number         0  anon$$obj.o(Region$$Table)
    Region$$Table$$Limit                     0x08001418   Number         0  anon$$obj.o(Region$$Table)
    SbtTickCounterTarg                       0x20000000   Data           1  sys_scheduler.o(.data)
    uwPrescalerValue                         0x20000004   Data           4  system_init.o(.data)
    SystemCoreClock                          0x20000008   Data           4  system_stm32f0xx.o(.data)
    AHBPrescTable                            0x2000000c   Data          16  system_stm32f0xx.o(.data)
    TimHandle                                0x20000020   Data          60  system_init.o(.bss)
    __initial_sp                             0x20000460   Data           0  startup_stm32f072xb.o(STACK)



==============================================================================

Memory Map of the image

  Image Entry point : 0x080000c1

  Load Region LR_IROM1 (Base: 0x08000000, Size: 0x00001438, Max: 0x00020000, ABSOLUTE)

    Execution Region ER_IROM1 (Exec base: 0x08000000, Load base: 0x08000000, Size: 0x00001418, Max: 0x00020000, ABSOLUTE)

    Exec Addr    Load Addr    Size         Type   Attr      Idx    E Section Name        Object

    0x08000000   0x08000000   0x000000c0   Data   RO          411    RESET               startup_stm32f072xb.o
    0x080000c0   0x080000c0   0x00000000   Code   RO         4903  * .ARM.Collect$$$$00000000  mc_p.l(entry.o)
    0x080000c0   0x080000c0   0x00000004   Code   RO         4910    .ARM.Collect$$$$00000001  mc_p.l(entry2.o)
    0x080000c4   0x080000c4   0x00000004   Code   RO         4913    .ARM.Collect$$$$00000004  mc_p.l(entry5.o)
    0x080000c8   0x080000c8   0x00000000   Code   RO         4915    .ARM.Collect$$$$00000008  mc_p.l(entry7b.o)
    0x080000c8   0x080000c8   0x00000000   Code   RO         4917    .ARM.Collect$$$$0000000A  mc_p.l(entry8b.o)
    0x080000c8   0x080000c8   0x00000008   Code   RO         4918    .ARM.Collect$$$$0000000B  mc_p.l(entry9a.o)
    0x080000d0   0x080000d0   0x00000000   Code   RO         4920    .ARM.Collect$$$$0000000D  mc_p.l(entry10a.o)
    0x080000d0   0x080000d0   0x00000000   Code   RO         4922    .ARM.Collect$$$$0000000F  mc_p.l(entry11a.o)
    0x080000d0   0x080000d0   0x00000004   Code   RO         4911    .ARM.Collect$$$$00002712  mc_p.l(entry2.o)
    0x080000d4   0x080000d4   0x0000001c   Code   RO          412    .text               startup_stm32f072xb.o
    0x080000f0   0x080000f0   0x0000002c   Code   RO         4906    .text               mc_p.l(uidiv.o)
    0x0800011c   0x0800011c   0x00000024   Code   RO         4924    .text               mc_p.l(init.o)
    0x08000140   0x08000140   0x00000002   Code   RO          185    i.DMA1_Channel1_IRQHandler  stm32f0xx_it.o
    0x08000142   0x08000142   0x00000002   PAD
    0x08000144   0x08000144   0x0000004c   Code   RO          295    i.General_GPIO_Init  system_init.o
    0x08000190   0x08000190   0x000001fc   Code   RO         1207    i.HAL_GPIO_Init     stm32f0xx_hal_gpio.o
    0x0800038c   0x0800038c   0x0000000c   Code   RO         1211    i.HAL_GPIO_WritePin  stm32f0xx_hal_gpio.o
    0x08000398   0x08000398   0x0000000c   Code   RO          427    i.HAL_GetTick       stm32f0xx_hal.o
    0x080003a4   0x080003a4   0x00000010   Code   RO          428    i.HAL_IncTick       stm32f0xx_hal.o
    0x080003b4   0x080003b4   0x00000018   Code   RO          788    i.HAL_NVIC_EnableIRQ  stm32f0xx_hal_cortex.o
    0x080003cc   0x080003cc   0x00000012   Code   RO          792    i.HAL_NVIC_SetPriority  stm32f0xx_hal_cortex.o
    0x080003de   0x080003de   0x00000002   PAD
    0x080003e0   0x080003e0   0x000002c4   Code   RO         2137    i.HAL_RCC_ClockConfig  stm32f0xx_hal_rcc.o
    0x080006a4   0x080006a4   0x0000065c   Code   RO         2148    i.HAL_RCC_OscConfig  stm32f0xx_hal_rcc.o
    0x08000d00   0x08000d00   0x00000002   Code   RO         3334    i.HAL_TIMEx_BreakCallback  stm32f0xx_hal_tim_ex.o
    0x08000d02   0x08000d02   0x00000002   Code   RO         3335    i.HAL_TIMEx_CommutationCallback  stm32f0xx_hal_tim_ex.o
    0x08000d04   0x08000d04   0x00000038   Code   RO         2687    i.HAL_TIM_Base_Init  stm32f0xx_hal_tim.o
    0x08000d3c   0x08000d3c   0x00000038   Code   RO         2689    i.HAL_TIM_Base_MspInit  stm32f0xx_hal_tim.o
    0x08000d74   0x08000d74   0x0000001e   Code   RO         2692    i.HAL_TIM_Base_Start_IT  stm32f0xx_hal_tim.o
    0x08000d92   0x08000d92   0x00000002   Code   RO         2716    i.HAL_TIM_IC_CaptureCallback  stm32f0xx_hal_tim.o
    0x08000d94   0x08000d94   0x000001c8   Code   RO         2729    i.HAL_TIM_IRQHandler  stm32f0xx_hal_tim.o
    0x08000f5c   0x08000f5c   0x00000002   Code   RO         2732    i.HAL_TIM_OC_DelayElapsedCallback  stm32f0xx_hal_tim.o
    0x08000f5e   0x08000f5e   0x00000002   Code   RO         2759    i.HAL_TIM_PWM_PulseFinishedCallback  stm32f0xx_hal_tim.o
    0x08000f60   0x08000f60   0x00000002   Code   RO         2766    i.HAL_TIM_PeriodElapsedCallback  stm32f0xx_hal_tim.o
    0x08000f62   0x08000f62   0x00000002   Code   RO         2770    i.HAL_TIM_TriggerCallback  stm32f0xx_hal_tim.o
    0x08000f64   0x08000f64   0x00000004   Code   RO          186    i.HardFault_Handler  stm32f0xx_it.o
    0x08000f68   0x08000f68   0x00000002   Code   RO          187    i.NMI_Handler       stm32f0xx_it.o
    0x08000f6a   0x08000f6a   0x00000002   PAD
    0x08000f6c   0x08000f6c   0x00000078   Code   RO          798    i.NVIC_SetPriority  stm32f0xx_hal_cortex.o
    0x08000fe4   0x08000fe4   0x00000002   Code   RO          188    i.PendSV_Handler    stm32f0xx_it.o
    0x08000fe6   0x08000fe6   0x00000002   Code   RO          189    i.SVC_Handler       stm32f0xx_it.o
    0x08000fe8   0x08000fe8   0x00000008   Code   RO          190    i.SysTick_Handler   stm32f0xx_it.o
    0x08000ff0   0x08000ff0   0x0000004a   Code   RO          296    i.SystemClock_Config  system_init.o
    0x0800103a   0x0800103a   0x00000002   PAD
    0x0800103c   0x0800103c   0x00000078   Code   RO          380    i.SystemInit        system_stm32f0xx.o
    0x080010b4   0x080010b4   0x00000064   Code   RO          297    i.TIM2_Init         system_init.o
    0x08001118   0x08001118   0x0000001c   Code   RO          191    i.TIM3_IRQHandler   stm32f0xx_it.o
    0x08001134   0x08001134   0x000000a4   Code   RO         2771    i.TIM_Base_SetConfig  stm32f0xx_hal_tim.o
    0x080011d8   0x080011d8   0x0000001c   Code   RO          298    i.Task_Toggle_PIN_2  system_init.o
    0x080011f4   0x080011f4   0x0000001c   Code   RO          299    i.Task_Toggle_PIN_3  system_init.o
    0x08001210   0x08001210   0x0000001c   Code   RO          300    i.Task_Toggle_PIN_4  system_init.o
    0x0800122c   0x0800122c   0x0000001c   Code   RO          301    i.Task_Toggle_PIN_5  system_init.o
    0x08001248   0x08001248   0x0000001c   Code   RO          302    i.Task_Toggle_PIN_6  system_init.o
    0x08001264   0x08001264   0x0000001c   Code   RO          303    i.Task_Toggle_PIN_7  system_init.o
    0x08001280   0x08001280   0x00000020   Code   RO          304    i.Task_Toggle_PIN_8  system_init.o
    0x080012a0   0x080012a0   0x00000020   Code   RO          305    i.Task_Toggle_PIN_9  system_init.o
    0x080012c0   0x080012c0   0x00000002   Code   RO          192    i.USART1_IRQHandler  stm32f0xx_it.o
    0x080012c2   0x080012c2   0x0000000e   Code   RO         4928    i.__scatterload_copy  mc_p.l(handlers.o)
    0x080012d0   0x080012d0   0x00000002   Code   RO         4929    i.__scatterload_null  mc_p.l(handlers.o)
    0x080012d2   0x080012d2   0x0000000e   Code   RO         4930    i.__scatterload_zeroinit  mc_p.l(handlers.o)
    0x080012e0   0x080012e0   0x00000020   Code   RO          255    i.app_scheduler_init  sys_scheduler.o
    0x08001300   0x08001300   0x00000064   Code   RO          256    i.app_scheduler_run  sys_scheduler.o
    0x08001364   0x08001364   0x0000000e   Code   RO           41    i.main              main.o
    0x08001372   0x08001372   0x00000002   PAD
    0x08001374   0x08001374   0x00000081   Data   RO          257    .constdata          sys_scheduler.o
    0x080013f5   0x080013f5   0x00000003   PAD
    0x080013f8   0x080013f8   0x00000020   Data   RO         4926    Region$$Table       anon$$obj.o


    Execution Region RW_IRAM1 (Exec base: 0x20000000, Load base: 0x08001418, Size: 0x00000460, Max: 0x00004000, ABSOLUTE)

    Exec Addr    Load Addr    Size         Type   Attr      Idx    E Section Name        Object

    0x20000000   0x08001418   0x00000002   Data   RW          258    .data               sys_scheduler.o
    0x20000002   0x0800141a   0x00000002   PAD
    0x20000004   0x0800141c   0x00000004   Data   RW          307    .data               system_init.o
    0x20000008   0x08001420   0x00000014   Data   RW          381    .data               system_stm32f0xx.o
    0x2000001c   0x08001434   0x00000004   Data   RW          437    .data               stm32f0xx_hal.o
    0x20000020        -       0x0000003c   Zero   RW          306    .bss                system_init.o
    0x2000005c   0x08001438   0x00000004   PAD
    0x20000060        -       0x00000400   Zero   RW          409    STACK               startup_stm32f072xb.o


==============================================================================

Image component sizes


      Code (inc. data)   RO Data    RW Data    ZI Data      Debug   Object Name

         0          0          0          0          0       4508   app_mcu_utils.o
        14          0          0          0          0     233699   main.o
        28          8        192          0       1024        704   startup_stm32f072xb.o
        28         10          0          4          0       1860   stm32f0xx_hal.o
       162         16          0          0          0       7928   stm32f0xx_hal_cortex.o
       520         28          0          0          0       1928   stm32f0xx_hal_gpio.o
      2336         30          0          0          0       3314   stm32f0xx_hal_rcc.o
       772         30          0          0          0       6402   stm32f0xx_hal_tim.o
         4          0          0          0          0       1458   stm32f0xx_hal_tim_ex.o
        50          8          0          0          0       3432   stm32f0xx_it.o
       132         20        129          2          0       3301   sys_scheduler.o
       482         70          0          4         60       5870   system_init.o
       120         18          0         20          0       1281   system_stm32f0xx.o

    ----------------------------------------------------------------------
      4658        238        356         32       1088     275685   Object Totals
         0          0         32          0          0          0   (incl. Generated)
        10          0          3          2          4          0   (incl. Padding)

    ----------------------------------------------------------------------

      Code (inc. data)   RO Data    RW Data    ZI Data      Debug   Library Member Name

         0          0          0          0          0          0   entry.o
         0          0          0          0          0          0   entry10a.o
         0          0          0          0          0          0   entry11a.o
         8          4          0          0          0          0   entry2.o
         4          0          0          0          0          0   entry5.o
         0          0          0          0          0          0   entry7b.o
         0          0          0          0          0          0   entry8b.o
         8          4          0          0          0          0   entry9a.o
        30          0          0          0          0          0   handlers.o
        36          8          0          0          0         68   init.o
        44          0          0          0          0         72   uidiv.o

    ----------------------------------------------------------------------
       130         16          0          0          0        140   Library Totals
         0          0          0          0          0          0   (incl. Padding)

    ----------------------------------------------------------------------

      Code (inc. data)   RO Data    RW Data    ZI Data      Debug   Library Name

       130         16          0          0          0        140   mc_p.l

    ----------------------------------------------------------------------
       130         16          0          0          0        140   Library Totals

    ----------------------------------------------------------------------

==============================================================================


      Code (inc. data)   RO Data    RW Data    ZI Data      Debug   

      4788        254        356         32       1088     274217   Grand Totals
      4788        254        356         32       1088     274217   ELF Image Totals
      4788        254        356         32          0          0   ROM Totals

==============================================================================

    Total RO  Size (Code + RO Data)                 5144 (   5.02kB)
    Total RW  Size (RW Data + ZI Data)              1120 (   1.09kB)
    Total ROM Size (Code + RO Data + RW Data)       5176 (   5.05kB)

==============================================================================

