<html>
<body>
<pre>
<h1>µVision Build Log</h1>
<h2>Tool Versions:</h2>
IDE-Version: ¦ÌVision V5.25.2.0
Copyright (C) 2018 ARM Ltd and ARM Germany GmbH. All rights reserved.
License Information: alex.zhang Microsoft, Microsoft, LIC=Z3C45-G5NIY-GPBZR-KBEG3-FN807-TAARL
 
Tool Versions:
Toolchain:       MDK-ARM Professional  Version: 5.25.2.0
Toolchain Path:  C:\Keil_v5\ARM\ARMCC\Bin
C Compiler:      Armcc.exe V5.06 update 6 (build 750)
Assembler:       Armasm.exe V5.06 update 6 (build 750)
Linker/Locator:  ArmLink.exe V5.06 update 6 (build 750)
Library Manager: ArmAr.exe V5.06 update 6 (build 750)
Hex Converter:   FromElf.exe V5.06 update 6 (build 750)
CPU DLL:         SARMCM3.DLL V5.25.2.0
Dialog DLL:      DARMCM1.DLL V1.19.1.0
Target DLL:      STLink\ST-LINKIII-KEIL_SWO.dll V3.0.1.0
Dialog DLL:      TARMCM1.DLL V1.14.0.0
 
<h2>Project:</h2>
E:\STMicroelectronics\6dofController_HAL\Project\6dofController.uvprojx
Project File Date:  05/10/2019

<h2>Output:</h2>
*** Using Compiler 'V5.06 update 6 (build 750)', folder: 'C:\Keil_v5\ARM\ARMCC\Bin'
Build target '6dofController'
compiling app_mcu_utils.c...
compiling sys_scheduler.c...
compiling main.c...
compiling stm32f0xx_it.c...
assembling startup_stm32f072xb.s...
compiling system_init.c...
compiling system_stm32f0xx.c...
compiling stm32f0xx_hal.c...
compiling stm32f0xx_hal_adc_ex.c...
compiling stm32f0xx_hal_adc.c...
compiling stm32f0xx_hal_can.c...
compiling stm32f0xx_hal_cec.c...
compiling stm32f0xx_hal_comp.c...
compiling stm32f0xx_hal_crc.c...
compiling stm32f0xx_hal_cortex.c...
compiling stm32f0xx_hal_dac_ex.c...
compiling stm32f0xx_hal_dac.c...
compiling stm32f0xx_hal_crc_ex.c...
compiling stm32f0xx_hal_dma.c...
compiling stm32f0xx_hal_flash.c...
compiling stm32f0xx_hal_flash_ex.c...
compiling stm32f0xx_hal_gpio.c...
compiling stm32f0xx_hal_irda.c...
compiling stm32f0xx_hal_i2s.c...
compiling stm32f0xx_hal_i2c.c...
compiling stm32f0xx_hal_i2c_ex.c...
compiling stm32f0xx_hal_iwdg.c...
compiling stm32f0xx_hal_pcd_ex.c...
compiling stm32f0xx_hal_msp_template.c...
compiling stm32f0xx_hal_pcd.c...
compiling stm32f0xx_hal_pwr.c...
compiling stm32f0xx_hal_pwr_ex.c...
compiling stm32f0xx_hal_rcc.c...
compiling stm32f0xx_hal_rcc_ex.c...
compiling stm32f0xx_hal_rtc_ex.c...
compiling stm32f0xx_hal_rtc.c...
compiling stm32f0xx_hal_smartcard.c...
compiling stm32f0xx_hal_smbus.c...
compiling stm32f0xx_hal_smartcard_ex.c...
compiling stm32f0xx_hal_spi.c...
compiling stm32f0xx_hal_spi_ex.c...
compiling stm32f0xx_hal_tsc.c...
compiling stm32f0xx_hal_tim_ex.c...
compiling stm32f0xx_hal_tim.c...
compiling stm32f0xx_hal_uart_ex.c...
compiling stm32f0xx_hal_uart.c...
compiling stm32f0xx_hal_usart.c...
compiling stm32f0xx_hal_wwdg.c...
compiling usbd_core.c...
compiling usbd_ctlreq.c...
compiling usbd_ioreq.c...
compiling usb_dfu.c...
compiling usb_device.c...
compiling usbd_customhid.c...
compiling usbd_custom_hid_if.c...
compiling usbd_conf.c...
compiling usbd_desc.c...
linking...
Program Size: Code=4788 RO-data=356 RW-data=32 ZI-data=1088  
FromELF: creating hex file...
".\Objects\6dofController.axf" - 0 Error(s), 0 Warning(s).

<h2>Software Packages used:</h2>

Package Vendor: Keil
                http://www.keil.com/pack/Keil.STM32F0xx_DFP.2.0.0.pack
                Keil.STM32F0xx_DFP.2.0.0
                STMicroelectronics STM32F0 Series Device Support, Drivers and Examples

<h2>Collection of Component include folders:</h2>
  .\RTE\_6dofController
  C:\Keil_v5\ARM\PACK\Keil\STM32F0xx_DFP\2.0.0\Drivers\CMSIS\Device\ST\STM32F0xx\Include

<h2>Collection of Component Files used:</h2>
Build Time Elapsed:  00:00:18
</pre>
</body>
</html>
